<!doctype html public "-//w3c//dtd html 4.0 transitional//en">
<html><head>
<title>Static Call Graph - [.\Objects\KEA_Driver.axf]</title></head>
<body><HR>
<H1>Static Call Graph for image .\Objects\KEA_Driver.axf</H1><HR>
<BR><P>#&#060CALLGRAPH&#062# ARM Linker, 5060422: Last Updated: Thu Apr 19 19:29:54 2018
<BR><P>
<H3>Maximum Stack Usage =        184 bytes + Unknown(Cycles, Untraceable Function Pointers)</H3><H3>
Call chain for Maximum Stack Depth:</H3>
main &rArr; ADC_Get_diff_pos &rArr; __aeabi_dmul &rArr; _double_epilogue &rArr; __aeabi_llsr
<P>
<H3>
Mutually Recursive functions
</H3> <LI><a href="#[1]">NMI_Handler</a>&nbsp;&nbsp;&nbsp;&rArr;&nbsp;&nbsp;&nbsp;<a href="#[1]">NMI_Handler</a><BR>
 <LI><a href="#[2]">HardFault_Handler</a>&nbsp;&nbsp;&nbsp;&rArr;&nbsp;&nbsp;&nbsp;<a href="#[2]">HardFault_Handler</a><BR>
 <LI><a href="#[3]">SVC_Handler</a>&nbsp;&nbsp;&nbsp;&rArr;&nbsp;&nbsp;&nbsp;<a href="#[3]">SVC_Handler</a><BR>
 <LI><a href="#[4]">PendSV_Handler</a>&nbsp;&nbsp;&nbsp;&rArr;&nbsp;&nbsp;&nbsp;<a href="#[4]">PendSV_Handler</a><BR>
 <LI><a href="#[5]">SysTick_Handler</a>&nbsp;&nbsp;&nbsp;&rArr;&nbsp;&nbsp;&nbsp;<a href="#[5]">SysTick_Handler</a><BR>
 <LI><a href="#[16]">ACMP0_IRQHandler</a>&nbsp;&nbsp;&nbsp;&rArr;&nbsp;&nbsp;&nbsp;<a href="#[16]">ACMP0_IRQHandler</a><BR>
</UL>
<P>
<H3>
Function Pointers
</H3><UL>
 <LI><a href="#[16]">ACMP0_IRQHandler</a> from startup_skeaz1284.o(.text) referenced from startup_skeaz1284.o(RESET)
 <LI><a href="#[1b]">ACMP1_IRQHandler</a> from startup_skeaz1284.o(.text) referenced from startup_skeaz1284.o(RESET)
 <LI><a href="#[15]">ADC_IRQHandler</a> from startup_skeaz1284.o(.text) referenced from startup_skeaz1284.o(RESET)
 <LI><a href="#[17]">FTM0_IRQHandler</a> from startup_skeaz1284.o(.text) referenced from startup_skeaz1284.o(RESET)
 <LI><a href="#[18]">FTM1_IRQHandler</a> from startup_skeaz1284.o(.text) referenced from startup_skeaz1284.o(RESET)
 <LI><a href="#[19]">FTM2_IRQHandler</a> from ftm.o(i.FTM2_IRQHandler) referenced from startup_skeaz1284.o(RESET)
 <LI><a href="#[b]">FTMRE_IRQHandler</a> from startup_skeaz1284.o(.text) referenced from startup_skeaz1284.o(RESET)
 <LI><a href="#[2]">HardFault_Handler</a> from startup_skeaz1284.o(.text) referenced from startup_skeaz1284.o(RESET)
 <LI><a href="#[e]">I2C0_IRQHandler</a> from startup_skeaz1284.o(.text) referenced from startup_skeaz1284.o(RESET)
 <LI><a href="#[f]">I2C1_IRQHandler</a> from startup_skeaz1284.o(.text) referenced from startup_skeaz1284.o(RESET)
 <LI><a href="#[21]">ICS_IRQHandler</a> from startup_skeaz1284.o(.text) referenced from startup_skeaz1284.o(RESET)
 <LI><a href="#[d]">IRQ_IRQHandler</a> from startup_skeaz1284.o(.text) referenced from startup_skeaz1284.o(RESET)
 <LI><a href="#[1e]">KBI0_IRQHandler</a> from kbi.o(i.KBI0_IRQHandler) referenced from startup_skeaz1284.o(RESET)
 <LI><a href="#[1f]">KBI1_IRQHandler</a> from startup_skeaz1284.o(.text) referenced from startup_skeaz1284.o(RESET)
 <LI><a href="#[2c]">KBI_Interrupt</a> from kbi.o(i.KBI_Interrupt) referenced from main.o(i.main)
 <LI><a href="#[24]">MSCAN_RX_IRQHandler</a> from startup_skeaz1284.o(.text) referenced from startup_skeaz1284.o(RESET)
 <LI><a href="#[25]">MSCAN_TX_IRQHandler</a> from startup_skeaz1284.o(.text) referenced from startup_skeaz1284.o(RESET)
 <LI><a href="#[1]">NMI_Handler</a> from startup_skeaz1284.o(.text) referenced from startup_skeaz1284.o(RESET)
 <LI><a href="#[1c]">PIT_CH0_IRQHandler</a> from startup_skeaz1284.o(.text) referenced from startup_skeaz1284.o(RESET)
 <LI><a href="#[1d]">PIT_CH1_IRQHandler</a> from startup_skeaz1284.o(.text) referenced from startup_skeaz1284.o(RESET)
 <LI><a href="#[c]">PMC_IRQHandler</a> from startup_skeaz1284.o(.text) referenced from startup_skeaz1284.o(RESET)
 <LI><a href="#[23]">PWT_IRQHandler</a> from startup_skeaz1284.o(.text) referenced from startup_skeaz1284.o(RESET)
 <LI><a href="#[4]">PendSV_Handler</a> from startup_skeaz1284.o(.text) referenced from startup_skeaz1284.o(RESET)
 <LI><a href="#[1a]">RTC_IRQHandler</a> from startup_skeaz1284.o(.text) referenced from startup_skeaz1284.o(RESET)
 <LI><a href="#[6]">Reserved16_IRQHandler</a> from startup_skeaz1284.o(.text) referenced from startup_skeaz1284.o(RESET)
 <LI><a href="#[7]">Reserved17_IRQHandler</a> from startup_skeaz1284.o(.text) referenced from startup_skeaz1284.o(RESET)
 <LI><a href="#[8]">Reserved18_IRQHandler</a> from startup_skeaz1284.o(.text) referenced from startup_skeaz1284.o(RESET)
 <LI><a href="#[9]">Reserved19_IRQHandler</a> from startup_skeaz1284.o(.text) referenced from startup_skeaz1284.o(RESET)
 <LI><a href="#[a]">Reserved20_IRQHandler</a> from startup_skeaz1284.o(.text) referenced from startup_skeaz1284.o(RESET)
 <LI><a href="#[20]">Reserved42_IRQHandler</a> from startup_skeaz1284.o(.text) referenced from startup_skeaz1284.o(RESET)
 <LI><a href="#[0]">Reset_Handler</a> from startup_skeaz1284.o(.text) referenced from startup_skeaz1284.o(RESET)
 <LI><a href="#[10]">SPI0_IRQHandler</a> from startup_skeaz1284.o(.text) referenced from startup_skeaz1284.o(RESET)
 <LI><a href="#[11]">SPI1_IRQHandler</a> from startup_skeaz1284.o(.text) referenced from startup_skeaz1284.o(RESET)
 <LI><a href="#[3]">SVC_Handler</a> from startup_skeaz1284.o(.text) referenced from startup_skeaz1284.o(RESET)
 <LI><a href="#[5]">SysTick_Handler</a> from startup_skeaz1284.o(.text) referenced from startup_skeaz1284.o(RESET)
 <LI><a href="#[27]">SystemInit</a> from system_skeaz1284.o(i.SystemInit) referenced from startup_skeaz1284.o(.text)
 <LI><a href="#[12]">UART0_IRQHandler</a> from startup_skeaz1284.o(.text) referenced from startup_skeaz1284.o(RESET)
 <LI><a href="#[13]">UART1_IRQHandler</a> from uart.o(i.UART1_IRQHandler) referenced from startup_skeaz1284.o(RESET)
 <LI><a href="#[14]">UART2_IRQHandler</a> from startup_skeaz1284.o(.text) referenced from startup_skeaz1284.o(RESET)
 <LI><a href="#[2b]">Uart_Interrupt</a> from main.o(i.Uart_Interrupt) referenced from main.o(i.main)
 <LI><a href="#[22]">WDOG_IRQHandler</a> from startup_skeaz1284.o(.text) referenced from startup_skeaz1284.o(RESET)
 <LI><a href="#[29]">__main</a> from entry.o(.ARM.Collect$$$$00000000) referenced from startup_skeaz1284.o(.text)
 <LI><a href="#[2a]">fputc</a> from main.o(i.fputc) referenced from printf1.o(i.__0printf$1)
 <LI><a href="#[28]">init_data_bss</a> from startup_skeaz1284.o(.text) referenced from startup_skeaz1284.o(.text)
 <LI><a href="#[26]">main</a> from main.o(i.main) referenced from entry9a.o(.ARM.Collect$$$$0000000B)
</UL>
<P>
<H3>
Global Symbols
</H3>
<P><STRONG><a name="[29]"></a>__main</STRONG> (Thumb, 0 bytes, Stack size unknown bytes, entry.o(.ARM.Collect$$$$00000000))
<BR>[Address Reference Count : 1]<UL><LI> startup_skeaz1284.o(.text)
</UL>
<P><STRONG><a name="[5a]"></a>_main_stk</STRONG> (Thumb, 0 bytes, Stack size unknown bytes, entry2.o(.ARM.Collect$$$$00000001))

<P><STRONG><a name="[2d]"></a>_main_scatterload</STRONG> (Thumb, 0 bytes, Stack size unknown bytes, entry5.o(.ARM.Collect$$$$00000004))
<BR><BR>[Calls]<UL><LI><a href="#[2e]">&gt;&gt;</a>&nbsp;&nbsp;&nbsp;__scatterload
</UL>

<P><STRONG><a name="[42]"></a>__main_after_scatterload</STRONG> (Thumb, 0 bytes, Stack size unknown bytes, entry5.o(.ARM.Collect$$$$00000004))
<BR><BR>[Called By]<UL><LI><a href="#[2e]">&gt;&gt;</a>&nbsp;&nbsp;&nbsp;__scatterload
</UL>

<P><STRONG><a name="[5b]"></a>_main_clock</STRONG> (Thumb, 0 bytes, Stack size unknown bytes, entry7b.o(.ARM.Collect$$$$00000008))

<P><STRONG><a name="[5c]"></a>_main_cpp_init</STRONG> (Thumb, 0 bytes, Stack size unknown bytes, entry8b.o(.ARM.Collect$$$$0000000A))

<P><STRONG><a name="[5d]"></a>_main_init</STRONG> (Thumb, 0 bytes, Stack size unknown bytes, entry9a.o(.ARM.Collect$$$$0000000B))

<P><STRONG><a name="[5e]"></a>__rt_final_cpp</STRONG> (Thumb, 0 bytes, Stack size unknown bytes, entry10a.o(.ARM.Collect$$$$0000000D))

<P><STRONG><a name="[5f]"></a>__rt_final_exit</STRONG> (Thumb, 0 bytes, Stack size unknown bytes, entry11a.o(.ARM.Collect$$$$0000000F))

<P><STRONG><a name="[28]"></a>init_data_bss</STRONG> (Thumb, 2 bytes, Stack size 0 bytes, startup_skeaz1284.o(.text))
<BR>[Address Reference Count : 1]<UL><LI> startup_skeaz1284.o(.text)
</UL>
<P><STRONG><a name="[0]"></a>Reset_Handler</STRONG> (Thumb, 12 bytes, Stack size 0 bytes, startup_skeaz1284.o(.text))
<BR>[Address Reference Count : 1]<UL><LI> startup_skeaz1284.o(RESET)
</UL>
<P><STRONG><a name="[1]"></a>NMI_Handler</STRONG> (Thumb, 2 bytes, Stack size 0 bytes, startup_skeaz1284.o(.text))
<BR><BR>[Calls]<UL><LI><a href="#[1]">&gt;&gt;</a>&nbsp;&nbsp;&nbsp;NMI_Handler
</UL>
<BR>[Called By]<UL><LI><a href="#[1]">&gt;&gt;</a>&nbsp;&nbsp;&nbsp;NMI_Handler
</UL>
<BR>[Address Reference Count : 1]<UL><LI> startup_skeaz1284.o(RESET)
</UL>
<P><STRONG><a name="[2]"></a>HardFault_Handler</STRONG> (Thumb, 2 bytes, Stack size 0 bytes, startup_skeaz1284.o(.text))
<BR><BR>[Calls]<UL><LI><a href="#[2]">&gt;&gt;</a>&nbsp;&nbsp;&nbsp;HardFault_Handler
</UL>
<BR>[Called By]<UL><LI><a href="#[2]">&gt;&gt;</a>&nbsp;&nbsp;&nbsp;HardFault_Handler
</UL>
<BR>[Address Reference Count : 1]<UL><LI> startup_skeaz1284.o(RESET)
</UL>
<P><STRONG><a name="[3]"></a>SVC_Handler</STRONG> (Thumb, 2 bytes, Stack size 0 bytes, startup_skeaz1284.o(.text))
<BR><BR>[Calls]<UL><LI><a href="#[3]">&gt;&gt;</a>&nbsp;&nbsp;&nbsp;SVC_Handler
</UL>
<BR>[Called By]<UL><LI><a href="#[3]">&gt;&gt;</a>&nbsp;&nbsp;&nbsp;SVC_Handler
</UL>
<BR>[Address Reference Count : 1]<UL><LI> startup_skeaz1284.o(RESET)
</UL>
<P><STRONG><a name="[4]"></a>PendSV_Handler</STRONG> (Thumb, 2 bytes, Stack size 0 bytes, startup_skeaz1284.o(.text))
<BR><BR>[Calls]<UL><LI><a href="#[4]">&gt;&gt;</a>&nbsp;&nbsp;&nbsp;PendSV_Handler
</UL>
<BR>[Called By]<UL><LI><a href="#[4]">&gt;&gt;</a>&nbsp;&nbsp;&nbsp;PendSV_Handler
</UL>
<BR>[Address Reference Count : 1]<UL><LI> startup_skeaz1284.o(RESET)
</UL>
<P><STRONG><a name="[5]"></a>SysTick_Handler</STRONG> (Thumb, 2 bytes, Stack size 0 bytes, startup_skeaz1284.o(.text))
<BR><BR>[Calls]<UL><LI><a href="#[5]">&gt;&gt;</a>&nbsp;&nbsp;&nbsp;SysTick_Handler
</UL>
<BR>[Called By]<UL><LI><a href="#[5]">&gt;&gt;</a>&nbsp;&nbsp;&nbsp;SysTick_Handler
</UL>
<BR>[Address Reference Count : 1]<UL><LI> startup_skeaz1284.o(RESET)
</UL>
<P><STRONG><a name="[16]"></a>ACMP0_IRQHandler</STRONG> (Thumb, 0 bytes, Stack size 0 bytes, startup_skeaz1284.o(.text))
<BR><BR>[Calls]<UL><LI><a href="#[16]">&gt;&gt;</a>&nbsp;&nbsp;&nbsp;ACMP0_IRQHandler
</UL>
<BR>[Called By]<UL><LI><a href="#[16]">&gt;&gt;</a>&nbsp;&nbsp;&nbsp;ACMP0_IRQHandler
</UL>
<BR>[Address Reference Count : 1]<UL><LI> startup_skeaz1284.o(RESET)
</UL>
<P><STRONG><a name="[1b]"></a>ACMP1_IRQHandler</STRONG> (Thumb, 0 bytes, Stack size 0 bytes, startup_skeaz1284.o(.text))
<BR>[Address Reference Count : 1]<UL><LI> startup_skeaz1284.o(RESET)
</UL>
<P><STRONG><a name="[15]"></a>ADC_IRQHandler</STRONG> (Thumb, 0 bytes, Stack size 0 bytes, startup_skeaz1284.o(.text))
<BR>[Address Reference Count : 1]<UL><LI> startup_skeaz1284.o(RESET)
</UL>
<P><STRONG><a name="[60]"></a>DefaultISR</STRONG> (Thumb, 0 bytes, Stack size 0 bytes, startup_skeaz1284.o(.text), UNUSED)

<P><STRONG><a name="[17]"></a>FTM0_IRQHandler</STRONG> (Thumb, 0 bytes, Stack size 0 bytes, startup_skeaz1284.o(.text))
<BR>[Address Reference Count : 1]<UL><LI> startup_skeaz1284.o(RESET)
</UL>
<P><STRONG><a name="[18]"></a>FTM1_IRQHandler</STRONG> (Thumb, 0 bytes, Stack size 0 bytes, startup_skeaz1284.o(.text))
<BR>[Address Reference Count : 1]<UL><LI> startup_skeaz1284.o(RESET)
</UL>
<P><STRONG><a name="[b]"></a>FTMRE_IRQHandler</STRONG> (Thumb, 0 bytes, Stack size 0 bytes, startup_skeaz1284.o(.text))
<BR>[Address Reference Count : 1]<UL><LI> startup_skeaz1284.o(RESET)
</UL>
<P><STRONG><a name="[e]"></a>I2C0_IRQHandler</STRONG> (Thumb, 0 bytes, Stack size 0 bytes, startup_skeaz1284.o(.text))
<BR>[Address Reference Count : 1]<UL><LI> startup_skeaz1284.o(RESET)
</UL>
<P><STRONG><a name="[f]"></a>I2C1_IRQHandler</STRONG> (Thumb, 0 bytes, Stack size 0 bytes, startup_skeaz1284.o(.text))
<BR>[Address Reference Count : 1]<UL><LI> startup_skeaz1284.o(RESET)
</UL>
<P><STRONG><a name="[21]"></a>ICS_IRQHandler</STRONG> (Thumb, 0 bytes, Stack size 0 bytes, startup_skeaz1284.o(.text))
<BR>[Address Reference Count : 1]<UL><LI> startup_skeaz1284.o(RESET)
</UL>
<P><STRONG><a name="[d]"></a>IRQ_IRQHandler</STRONG> (Thumb, 0 bytes, Stack size 0 bytes, startup_skeaz1284.o(.text))
<BR>[Address Reference Count : 1]<UL><LI> startup_skeaz1284.o(RESET)
</UL>
<P><STRONG><a name="[1f]"></a>KBI1_IRQHandler</STRONG> (Thumb, 0 bytes, Stack size 0 bytes, startup_skeaz1284.o(.text))
<BR>[Address Reference Count : 1]<UL><LI> startup_skeaz1284.o(RESET)
</UL>
<P><STRONG><a name="[24]"></a>MSCAN_RX_IRQHandler</STRONG> (Thumb, 0 bytes, Stack size 0 bytes, startup_skeaz1284.o(.text))
<BR>[Address Reference Count : 1]<UL><LI> startup_skeaz1284.o(RESET)
</UL>
<P><STRONG><a name="[25]"></a>MSCAN_TX_IRQHandler</STRONG> (Thumb, 0 bytes, Stack size 0 bytes, startup_skeaz1284.o(.text))
<BR>[Address Reference Count : 1]<UL><LI> startup_skeaz1284.o(RESET)
</UL>
<P><STRONG><a name="[1c]"></a>PIT_CH0_IRQHandler</STRONG> (Thumb, 0 bytes, Stack size 0 bytes, startup_skeaz1284.o(.text))
<BR>[Address Reference Count : 1]<UL><LI> startup_skeaz1284.o(RESET)
</UL>
<P><STRONG><a name="[1d]"></a>PIT_CH1_IRQHandler</STRONG> (Thumb, 0 bytes, Stack size 0 bytes, startup_skeaz1284.o(.text))
<BR>[Address Reference Count : 1]<UL><LI> startup_skeaz1284.o(RESET)
</UL>
<P><STRONG><a name="[c]"></a>PMC_IRQHandler</STRONG> (Thumb, 0 bytes, Stack size 0 bytes, startup_skeaz1284.o(.text))
<BR>[Address Reference Count : 1]<UL><LI> startup_skeaz1284.o(RESET)
</UL>
<P><STRONG><a name="[23]"></a>PWT_IRQHandler</STRONG> (Thumb, 0 bytes, Stack size 0 bytes, startup_skeaz1284.o(.text))
<BR>[Address Reference Count : 1]<UL><LI> startup_skeaz1284.o(RESET)
</UL>
<P><STRONG><a name="[1a]"></a>RTC_IRQHandler</STRONG> (Thumb, 0 bytes, Stack size 0 bytes, startup_skeaz1284.o(.text))
<BR>[Address Reference Count : 1]<UL><LI> startup_skeaz1284.o(RESET)
</UL>
<P><STRONG><a name="[6]"></a>Reserved16_IRQHandler</STRONG> (Thumb, 0 bytes, Stack size 0 bytes, startup_skeaz1284.o(.text))
<BR>[Address Reference Count : 1]<UL><LI> startup_skeaz1284.o(RESET)
</UL>
<P><STRONG><a name="[7]"></a>Reserved17_IRQHandler</STRONG> (Thumb, 0 bytes, Stack size 0 bytes, startup_skeaz1284.o(.text))
<BR>[Address Reference Count : 1]<UL><LI> startup_skeaz1284.o(RESET)
</UL>
<P><STRONG><a name="[8]"></a>Reserved18_IRQHandler</STRONG> (Thumb, 0 bytes, Stack size 0 bytes, startup_skeaz1284.o(.text))
<BR>[Address Reference Count : 1]<UL><LI> startup_skeaz1284.o(RESET)
</UL>
<P><STRONG><a name="[9]"></a>Reserved19_IRQHandler</STRONG> (Thumb, 0 bytes, Stack size 0 bytes, startup_skeaz1284.o(.text))
<BR>[Address Reference Count : 1]<UL><LI> startup_skeaz1284.o(RESET)
</UL>
<P><STRONG><a name="[a]"></a>Reserved20_IRQHandler</STRONG> (Thumb, 0 bytes, Stack size 0 bytes, startup_skeaz1284.o(.text))
<BR>[Address Reference Count : 1]<UL><LI> startup_skeaz1284.o(RESET)
</UL>
<P><STRONG><a name="[20]"></a>Reserved42_IRQHandler</STRONG> (Thumb, 0 bytes, Stack size 0 bytes, startup_skeaz1284.o(.text))
<BR>[Address Reference Count : 1]<UL><LI> startup_skeaz1284.o(RESET)
</UL>
<P><STRONG><a name="[10]"></a>SPI0_IRQHandler</STRONG> (Thumb, 0 bytes, Stack size 0 bytes, startup_skeaz1284.o(.text))
<BR>[Address Reference Count : 1]<UL><LI> startup_skeaz1284.o(RESET)
</UL>
<P><STRONG><a name="[11]"></a>SPI1_IRQHandler</STRONG> (Thumb, 0 bytes, Stack size 0 bytes, startup_skeaz1284.o(.text))
<BR>[Address Reference Count : 1]<UL><LI> startup_skeaz1284.o(RESET)
</UL>
<P><STRONG><a name="[12]"></a>UART0_IRQHandler</STRONG> (Thumb, 0 bytes, Stack size 0 bytes, startup_skeaz1284.o(.text))
<BR>[Address Reference Count : 1]<UL><LI> startup_skeaz1284.o(RESET)
</UL>
<P><STRONG><a name="[14]"></a>UART2_IRQHandler</STRONG> (Thumb, 0 bytes, Stack size 0 bytes, startup_skeaz1284.o(.text))
<BR>[Address Reference Count : 1]<UL><LI> startup_skeaz1284.o(RESET)
</UL>
<P><STRONG><a name="[22]"></a>WDOG_IRQHandler</STRONG> (Thumb, 0 bytes, Stack size 0 bytes, startup_skeaz1284.o(.text))
<BR>[Address Reference Count : 1]<UL><LI> startup_skeaz1284.o(RESET)
</UL>
<P><STRONG><a name="[61]"></a>__aeabi_uidiv</STRONG> (Thumb, 0 bytes, Stack size 12 bytes, uidiv.o(.text), UNUSED)

<P><STRONG><a name="[46]"></a>__aeabi_uidivmod</STRONG> (Thumb, 44 bytes, Stack size 12 bytes, uidiv.o(.text))
<BR><BR>[Stack]<UL><LI>Max Depth = 12<LI>Call Chain = __aeabi_uidivmod
</UL>
<BR>[Called By]<UL><LI><a href="#[4c]">&gt;&gt;</a>&nbsp;&nbsp;&nbsp;_printf_core
<LI><a href="#[4d]">&gt;&gt;</a>&nbsp;&nbsp;&nbsp;dianji
<LI><a href="#[47]">&gt;&gt;</a>&nbsp;&nbsp;&nbsp;PWM8khz_Init_2
<LI><a href="#[45]">&gt;&gt;</a>&nbsp;&nbsp;&nbsp;PWM8khz_Init
</UL>

<P><STRONG><a name="[2f]"></a>__aeabi_fadd</STRONG> (Thumb, 162 bytes, Stack size 24 bytes, fadd.o(.text))
<BR><BR>[Stack]<UL><LI>Max Depth = 36<LI>Call Chain = __aeabi_fadd &rArr; _float_epilogue
</UL>
<BR>[Calls]<UL><LI><a href="#[31]">&gt;&gt;</a>&nbsp;&nbsp;&nbsp;_float_round
<LI><a href="#[30]">&gt;&gt;</a>&nbsp;&nbsp;&nbsp;_float_epilogue
</UL>
<BR>[Called By]<UL><LI><a href="#[33]">&gt;&gt;</a>&nbsp;&nbsp;&nbsp;__aeabi_frsub
<LI><a href="#[56]">&gt;&gt;</a>&nbsp;&nbsp;&nbsp;motor_strategy
<LI><a href="#[32]">&gt;&gt;</a>&nbsp;&nbsp;&nbsp;__aeabi_fsub
</UL>

<P><STRONG><a name="[32]"></a>__aeabi_fsub</STRONG> (Thumb, 8 bytes, Stack size 0 bytes, fadd.o(.text), UNUSED)
<BR><BR>[Calls]<UL><LI><a href="#[2f]">&gt;&gt;</a>&nbsp;&nbsp;&nbsp;__aeabi_fadd
</UL>

<P><STRONG><a name="[33]"></a>__aeabi_frsub</STRONG> (Thumb, 8 bytes, Stack size 0 bytes, fadd.o(.text))
<BR><BR>[Stack]<UL><LI>Max Depth = 36<LI>Call Chain = __aeabi_frsub &rArr; __aeabi_fadd &rArr; _float_epilogue
</UL>
<BR>[Calls]<UL><LI><a href="#[2f]">&gt;&gt;</a>&nbsp;&nbsp;&nbsp;__aeabi_fadd
</UL>
<BR>[Called By]<UL><LI><a href="#[56]">&gt;&gt;</a>&nbsp;&nbsp;&nbsp;motor_strategy
</UL>

<P><STRONG><a name="[58]"></a>__aeabi_fmul</STRONG> (Thumb, 122 bytes, Stack size 16 bytes, fmul.o(.text))
<BR><BR>[Stack]<UL><LI>Max Depth = 16<LI>Call Chain = __aeabi_fmul
</UL>
<BR>[Called By]<UL><LI><a href="#[56]">&gt;&gt;</a>&nbsp;&nbsp;&nbsp;motor_strategy
</UL>

<P><STRONG><a name="[34]"></a>__aeabi_fdiv</STRONG> (Thumb, 124 bytes, Stack size 16 bytes, fdiv.o(.text))
<BR><BR>[Stack]<UL><LI>Max Depth = 16<LI>Call Chain = __aeabi_fdiv
</UL>
<BR>[Calls]<UL><LI><a href="#[31]">&gt;&gt;</a>&nbsp;&nbsp;&nbsp;_float_round
</UL>
<BR>[Called By]<UL><LI><a href="#[56]">&gt;&gt;</a>&nbsp;&nbsp;&nbsp;motor_strategy
</UL>

<P><STRONG><a name="[35]"></a>__aeabi_dmul</STRONG> (Thumb, 202 bytes, Stack size 72 bytes, dmul.o(.text))
<BR><BR>[Stack]<UL><LI>Max Depth = 128<LI>Call Chain = __aeabi_dmul &rArr; _double_epilogue &rArr; __aeabi_llsr
</UL>
<BR>[Calls]<UL><LI><a href="#[36]">&gt;&gt;</a>&nbsp;&nbsp;&nbsp;_double_epilogue
</UL>
<BR>[Called By]<UL><LI><a href="#[43]">&gt;&gt;</a>&nbsp;&nbsp;&nbsp;ADC_Get_diff_pos
</UL>

<P><STRONG><a name="[37]"></a>__aeabi_i2f</STRONG> (Thumb, 22 bytes, Stack size 8 bytes, fflti.o(.text))
<BR><BR>[Stack]<UL><LI>Max Depth = 20<LI>Call Chain = __aeabi_i2f &rArr; _float_epilogue
</UL>
<BR>[Calls]<UL><LI><a href="#[30]">&gt;&gt;</a>&nbsp;&nbsp;&nbsp;_float_epilogue
</UL>
<BR>[Called By]<UL><LI><a href="#[56]">&gt;&gt;</a>&nbsp;&nbsp;&nbsp;motor_strategy
</UL>

<P><STRONG><a name="[38]"></a>__aeabi_ui2d</STRONG> (Thumb, 24 bytes, Stack size 16 bytes, dfltui.o(.text))
<BR><BR>[Stack]<UL><LI>Max Depth = 72<LI>Call Chain = __aeabi_ui2d &rArr; _double_epilogue &rArr; __aeabi_llsr
</UL>
<BR>[Calls]<UL><LI><a href="#[36]">&gt;&gt;</a>&nbsp;&nbsp;&nbsp;_double_epilogue
</UL>
<BR>[Called By]<UL><LI><a href="#[43]">&gt;&gt;</a>&nbsp;&nbsp;&nbsp;ADC_Get_diff_pos
</UL>

<P><STRONG><a name="[3a]"></a>__aeabi_llsl</STRONG> (Thumb, 32 bytes, Stack size 8 bytes, llshl.o(.text))
<BR><BR>[Stack]<UL><LI>Max Depth = 8<LI>Call Chain = __aeabi_llsl
</UL>
<BR>[Called By]<UL><LI><a href="#[39]">&gt;&gt;</a>&nbsp;&nbsp;&nbsp;__aeabi_dadd
<LI><a href="#[36]">&gt;&gt;</a>&nbsp;&nbsp;&nbsp;_double_epilogue
</UL>

<P><STRONG><a name="[62]"></a>_ll_shift_l</STRONG> (Thumb, 0 bytes, Stack size 8 bytes, llshl.o(.text), UNUSED)

<P><STRONG><a name="[55]"></a>KBI_SetCallback</STRONG> (Thumb, 6 bytes, Stack size 0 bytes, kbi.o(i.KBI_SetCallback))
<BR><BR>[Called By]<UL><LI><a href="#[26]">&gt;&gt;</a>&nbsp;&nbsp;&nbsp;main
</UL>

<P><STRONG><a name="[63]"></a>__I$use$fp</STRONG> (Thumb, 0 bytes, Stack size 0 bytes, iusefp.o(.text), UNUSED)

<P><STRONG><a name="[39]"></a>__aeabi_dadd</STRONG> (Thumb, 328 bytes, Stack size 48 bytes, dadd.o(.text))
<BR><BR>[Stack]<UL><LI>Max Depth = 104<LI>Call Chain = __aeabi_dadd &rArr; _double_epilogue &rArr; __aeabi_llsr
</UL>
<BR>[Calls]<UL><LI><a href="#[3b]">&gt;&gt;</a>&nbsp;&nbsp;&nbsp;__aeabi_lasr
<LI><a href="#[3a]">&gt;&gt;</a>&nbsp;&nbsp;&nbsp;__aeabi_llsl
<LI><a href="#[3c]">&gt;&gt;</a>&nbsp;&nbsp;&nbsp;_double_round
<LI><a href="#[36]">&gt;&gt;</a>&nbsp;&nbsp;&nbsp;_double_epilogue
</UL>
<BR>[Called By]<UL><LI><a href="#[43]">&gt;&gt;</a>&nbsp;&nbsp;&nbsp;ADC_Get_diff_pos
<LI><a href="#[3e]">&gt;&gt;</a>&nbsp;&nbsp;&nbsp;__aeabi_drsub
<LI><a href="#[3d]">&gt;&gt;</a>&nbsp;&nbsp;&nbsp;__aeabi_dsub
</UL>

<P><STRONG><a name="[3d]"></a>__aeabi_dsub</STRONG> (Thumb, 12 bytes, Stack size 8 bytes, dadd.o(.text), UNUSED)
<BR><BR>[Calls]<UL><LI><a href="#[39]">&gt;&gt;</a>&nbsp;&nbsp;&nbsp;__aeabi_dadd
</UL>

<P><STRONG><a name="[3e]"></a>__aeabi_drsub</STRONG> (Thumb, 12 bytes, Stack size 8 bytes, dadd.o(.text), UNUSED)
<BR><BR>[Calls]<UL><LI><a href="#[39]">&gt;&gt;</a>&nbsp;&nbsp;&nbsp;__aeabi_dadd
</UL>

<P><STRONG><a name="[59]"></a>__aeabi_f2iz</STRONG> (Thumb, 50 bytes, Stack size 0 bytes, ffixi.o(.text))
<BR><BR>[Called By]<UL><LI><a href="#[56]">&gt;&gt;</a>&nbsp;&nbsp;&nbsp;motor_strategy
</UL>

<P><STRONG><a name="[3f]"></a>__aeabi_d2iz</STRONG> (Thumb, 62 bytes, Stack size 16 bytes, dfixi.o(.text))
<BR><BR>[Stack]<UL><LI>Max Depth = 24<LI>Call Chain = __aeabi_d2iz &rArr; __aeabi_llsr
</UL>
<BR>[Calls]<UL><LI><a href="#[40]">&gt;&gt;</a>&nbsp;&nbsp;&nbsp;__aeabi_llsr
</UL>
<BR>[Called By]<UL><LI><a href="#[43]">&gt;&gt;</a>&nbsp;&nbsp;&nbsp;ADC_Get_diff_pos
</UL>

<P><STRONG><a name="[40]"></a>__aeabi_llsr</STRONG> (Thumb, 34 bytes, Stack size 8 bytes, llushr.o(.text))
<BR><BR>[Stack]<UL><LI>Max Depth = 8<LI>Call Chain = __aeabi_llsr
</UL>
<BR>[Called By]<UL><LI><a href="#[3f]">&gt;&gt;</a>&nbsp;&nbsp;&nbsp;__aeabi_d2iz
<LI><a href="#[36]">&gt;&gt;</a>&nbsp;&nbsp;&nbsp;_double_epilogue
</UL>

<P><STRONG><a name="[64]"></a>_ll_ushift_r</STRONG> (Thumb, 0 bytes, Stack size 8 bytes, llushr.o(.text), UNUSED)

<P><STRONG><a name="[3b]"></a>__aeabi_lasr</STRONG> (Thumb, 38 bytes, Stack size 8 bytes, llsshr.o(.text))
<BR><BR>[Stack]<UL><LI>Max Depth = 8<LI>Call Chain = __aeabi_lasr
</UL>
<BR>[Called By]<UL><LI><a href="#[39]">&gt;&gt;</a>&nbsp;&nbsp;&nbsp;__aeabi_dadd
</UL>

<P><STRONG><a name="[65]"></a>_ll_sshift_r</STRONG> (Thumb, 0 bytes, Stack size 8 bytes, llsshr.o(.text), UNUSED)

<P><STRONG><a name="[31]"></a>_float_round</STRONG> (Thumb, 16 bytes, Stack size 0 bytes, fepilogue.o(.text))
<BR><BR>[Called By]<UL><LI><a href="#[34]">&gt;&gt;</a>&nbsp;&nbsp;&nbsp;__aeabi_fdiv
<LI><a href="#[2f]">&gt;&gt;</a>&nbsp;&nbsp;&nbsp;__aeabi_fadd
</UL>

<P><STRONG><a name="[30]"></a>_float_epilogue</STRONG> (Thumb, 114 bytes, Stack size 12 bytes, fepilogue.o(.text))
<BR><BR>[Stack]<UL><LI>Max Depth = 12<LI>Call Chain = _float_epilogue
</UL>
<BR>[Called By]<UL><LI><a href="#[37]">&gt;&gt;</a>&nbsp;&nbsp;&nbsp;__aeabi_i2f
<LI><a href="#[2f]">&gt;&gt;</a>&nbsp;&nbsp;&nbsp;__aeabi_fadd
</UL>

<P><STRONG><a name="[3c]"></a>_double_round</STRONG> (Thumb, 26 bytes, Stack size 8 bytes, depilogue.o(.text))
<BR><BR>[Stack]<UL><LI>Max Depth = 8<LI>Call Chain = _double_round
</UL>
<BR>[Called By]<UL><LI><a href="#[39]">&gt;&gt;</a>&nbsp;&nbsp;&nbsp;__aeabi_dadd
<LI><a href="#[36]">&gt;&gt;</a>&nbsp;&nbsp;&nbsp;_double_epilogue
</UL>

<P><STRONG><a name="[36]"></a>_double_epilogue</STRONG> (Thumb, 164 bytes, Stack size 48 bytes, depilogue.o(.text))
<BR><BR>[Stack]<UL><LI>Max Depth = 56<LI>Call Chain = _double_epilogue &rArr; __aeabi_llsr
</UL>
<BR>[Calls]<UL><LI><a href="#[41]">&gt;&gt;</a>&nbsp;&nbsp;&nbsp;__ARM_clz
<LI><a href="#[40]">&gt;&gt;</a>&nbsp;&nbsp;&nbsp;__aeabi_llsr
<LI><a href="#[3a]">&gt;&gt;</a>&nbsp;&nbsp;&nbsp;__aeabi_llsl
<LI><a href="#[3c]">&gt;&gt;</a>&nbsp;&nbsp;&nbsp;_double_round
</UL>
<BR>[Called By]<UL><LI><a href="#[38]">&gt;&gt;</a>&nbsp;&nbsp;&nbsp;__aeabi_ui2d
<LI><a href="#[35]">&gt;&gt;</a>&nbsp;&nbsp;&nbsp;__aeabi_dmul
<LI><a href="#[39]">&gt;&gt;</a>&nbsp;&nbsp;&nbsp;__aeabi_dadd
</UL>

<P><STRONG><a name="[2e]"></a>__scatterload</STRONG> (Thumb, 28 bytes, Stack size 0 bytes, init.o(.text))
<BR><BR>[Calls]<UL><LI><a href="#[42]">&gt;&gt;</a>&nbsp;&nbsp;&nbsp;__main_after_scatterload
</UL>
<BR>[Called By]<UL><LI><a href="#[2d]">&gt;&gt;</a>&nbsp;&nbsp;&nbsp;_main_scatterload
</UL>

<P><STRONG><a name="[66]"></a>__scatterload_rt2</STRONG> (Thumb, 0 bytes, Stack size 0 bytes, init.o(.text), UNUSED)

<P><STRONG><a name="[43]"></a>ADC_Get_diff_pos</STRONG> (Thumb, 104 bytes, Stack size 56 bytes, adc.o(i.ADC_Get_diff_pos))
<BR><BR>[Stack]<UL><LI>Max Depth = 184<LI>Call Chain = ADC_Get_diff_pos &rArr; __aeabi_dmul &rArr; _double_epilogue &rArr; __aeabi_llsr
</UL>
<BR>[Calls]<UL><LI><a href="#[38]">&gt;&gt;</a>&nbsp;&nbsp;&nbsp;__aeabi_ui2d
<LI><a href="#[35]">&gt;&gt;</a>&nbsp;&nbsp;&nbsp;__aeabi_dmul
<LI><a href="#[39]">&gt;&gt;</a>&nbsp;&nbsp;&nbsp;__aeabi_dadd
<LI><a href="#[3f]">&gt;&gt;</a>&nbsp;&nbsp;&nbsp;__aeabi_d2iz
<LI><a href="#[44]">&gt;&gt;</a>&nbsp;&nbsp;&nbsp;ADC_Read
</UL>
<BR>[Called By]<UL><LI><a href="#[26]">&gt;&gt;</a>&nbsp;&nbsp;&nbsp;main
</UL>

<P><STRONG><a name="[52]"></a>ADC_Init</STRONG> (Thumb, 80 bytes, Stack size 8 bytes, adc.o(i.ADC_Init))
<BR><BR>[Stack]<UL><LI>Max Depth = 8<LI>Call Chain = ADC_Init
</UL>
<BR>[Called By]<UL><LI><a href="#[26]">&gt;&gt;</a>&nbsp;&nbsp;&nbsp;main
</UL>

<P><STRONG><a name="[44]"></a>ADC_Read</STRONG> (Thumb, 32 bytes, Stack size 0 bytes, adc.o(i.ADC_Read))
<BR><BR>[Called By]<UL><LI><a href="#[43]">&gt;&gt;</a>&nbsp;&nbsp;&nbsp;ADC_Get_diff_pos
</UL>

<P><STRONG><a name="[4e]"></a>Clk_Init</STRONG> (Thumb, 56 bytes, Stack size 0 bytes, clk.o(i.Clk_Init))
<BR><BR>[Called By]<UL><LI><a href="#[26]">&gt;&gt;</a>&nbsp;&nbsp;&nbsp;main
</UL>

<P><STRONG><a name="[19]"></a>FTM2_IRQHandler</STRONG> (Thumb, 204 bytes, Stack size 8 bytes, ftm.o(i.FTM2_IRQHandler))
<BR><BR>[Stack]<UL><LI>Max Depth = 8<LI>Call Chain = FTM2_IRQHandler
</UL>
<BR>[Address Reference Count : 1]<UL><LI> startup_skeaz1284.o(RESET)
</UL>
<P><STRONG><a name="[4f]"></a>GPIO_Init</STRONG> (Thumb, 254 bytes, Stack size 0 bytes, gpio.o(i.GPIO_Init))
<BR><BR>[Called By]<UL><LI><a href="#[26]">&gt;&gt;</a>&nbsp;&nbsp;&nbsp;main
</UL>

<P><STRONG><a name="[1e]"></a>KBI0_IRQHandler</STRONG> (Thumb, 60 bytes, Stack size 8 bytes, kbi.o(i.KBI0_IRQHandler))
<BR><BR>[Stack]<UL><LI>Max Depth = 8<LI>Call Chain = KBI0_IRQHandler
</UL>
<BR>[Address Reference Count : 1]<UL><LI> startup_skeaz1284.o(RESET)
</UL>
<P><STRONG><a name="[51]"></a>KBI_Init</STRONG> (Thumb, 78 bytes, Stack size 0 bytes, kbi.o(i.KBI_Init))
<BR><BR>[Called By]<UL><LI><a href="#[26]">&gt;&gt;</a>&nbsp;&nbsp;&nbsp;main
</UL>

<P><STRONG><a name="[2c]"></a>KBI_Interrupt</STRONG> (Thumb, 82 bytes, Stack size 0 bytes, kbi.o(i.KBI_Interrupt))
<BR>[Address Reference Count : 1]<UL><LI> main.o(i.main)
</UL>
<P><STRONG><a name="[45]"></a>PWM8khz_Init</STRONG> (Thumb, 138 bytes, Stack size 16 bytes, ftm.o(i.PWM8khz_Init))
<BR><BR>[Stack]<UL><LI>Max Depth = 28<LI>Call Chain = PWM8khz_Init &rArr; __aeabi_uidivmod
</UL>
<BR>[Calls]<UL><LI><a href="#[46]">&gt;&gt;</a>&nbsp;&nbsp;&nbsp;__aeabi_uidivmod
</UL>
<BR>[Called By]<UL><LI><a href="#[26]">&gt;&gt;</a>&nbsp;&nbsp;&nbsp;main
</UL>

<P><STRONG><a name="[47]"></a>PWM8khz_Init_2</STRONG> (Thumb, 152 bytes, Stack size 16 bytes, ftm.o(i.PWM8khz_Init_2))
<BR><BR>[Stack]<UL><LI>Max Depth = 28<LI>Call Chain = PWM8khz_Init_2 &rArr; __aeabi_uidivmod
</UL>
<BR>[Calls]<UL><LI><a href="#[46]">&gt;&gt;</a>&nbsp;&nbsp;&nbsp;__aeabi_uidivmod
</UL>
<BR>[Called By]<UL><LI><a href="#[26]">&gt;&gt;</a>&nbsp;&nbsp;&nbsp;main
</UL>

<P><STRONG><a name="[27]"></a>SystemInit</STRONG> (Thumb, 90 bytes, Stack size 0 bytes, system_skeaz1284.o(i.SystemInit))
<BR>[Address Reference Count : 1]<UL><LI> startup_skeaz1284.o(.text)
</UL>
<P><STRONG><a name="[13]"></a>UART1_IRQHandler</STRONG> (Thumb, 20 bytes, Stack size 8 bytes, uart.o(i.UART1_IRQHandler))
<BR><BR>[Stack]<UL><LI>Max Depth = 8<LI>Call Chain = UART1_IRQHandler
</UL>
<BR>[Calls]<UL><LI><a href="#[48]">&gt;&gt;</a>&nbsp;&nbsp;&nbsp;Uart_GetChar
</UL>
<BR>[Address Reference Count : 1]<UL><LI> startup_skeaz1284.o(RESET)
</UL>
<P><STRONG><a name="[50]"></a>UART_Init</STRONG> (Thumb, 42 bytes, Stack size 0 bytes, uart.o(i.UART_Init))
<BR><BR>[Called By]<UL><LI><a href="#[26]">&gt;&gt;</a>&nbsp;&nbsp;&nbsp;main
</UL>

<P><STRONG><a name="[48]"></a>Uart_GetChar</STRONG> (Thumb, 24 bytes, Stack size 0 bytes, uart.o(i.Uart_GetChar))
<BR><BR>[Called By]<UL><LI><a href="#[13]">&gt;&gt;</a>&nbsp;&nbsp;&nbsp;UART1_IRQHandler
</UL>

<P><STRONG><a name="[2b]"></a>Uart_Interrupt</STRONG> (Thumb, 12 bytes, Stack size 8 bytes, main.o(i.Uart_Interrupt))
<BR><BR>[Stack]<UL><LI>Max Depth = 8<LI>Call Chain = Uart_Interrupt
</UL>
<BR>[Calls]<UL><LI><a href="#[49]">&gt;&gt;</a>&nbsp;&nbsp;&nbsp;Uart_SendChar
</UL>
<BR>[Address Reference Count : 1]<UL><LI> main.o(i.main)
</UL>
<P><STRONG><a name="[4a]"></a>Uart_PutString</STRONG> (Thumb, 22 bytes, Stack size 4 bytes, uart.o(i.Uart_PutString))
<BR><BR>[Stack]<UL><LI>Max Depth = 4<LI>Call Chain = Uart_PutString
</UL>
<BR>[Calls]<UL><LI><a href="#[49]">&gt;&gt;</a>&nbsp;&nbsp;&nbsp;Uart_SendChar
</UL>
<BR>[Called By]<UL><LI><a href="#[26]">&gt;&gt;</a>&nbsp;&nbsp;&nbsp;main
</UL>

<P><STRONG><a name="[49]"></a>Uart_SendChar</STRONG> (Thumb, 24 bytes, Stack size 0 bytes, uart.o(i.Uart_SendChar))
<BR><BR>[Called By]<UL><LI><a href="#[4a]">&gt;&gt;</a>&nbsp;&nbsp;&nbsp;Uart_PutString
<LI><a href="#[2a]">&gt;&gt;</a>&nbsp;&nbsp;&nbsp;fputc
<LI><a href="#[2b]">&gt;&gt;</a>&nbsp;&nbsp;&nbsp;Uart_Interrupt
</UL>

<P><STRONG><a name="[53]"></a>Uart_SetCallback</STRONG> (Thumb, 6 bytes, Stack size 0 bytes, uart.o(i.Uart_SetCallback))
<BR><BR>[Called By]<UL><LI><a href="#[26]">&gt;&gt;</a>&nbsp;&nbsp;&nbsp;main
</UL>

<P><STRONG><a name="[4b]"></a>__0printf$1</STRONG> (Thumb, 24 bytes, Stack size 24 bytes, printf1.o(i.__0printf$1), UNUSED)
<BR><BR>[Calls]<UL><LI><a href="#[4c]">&gt;&gt;</a>&nbsp;&nbsp;&nbsp;_printf_core
</UL>

<P><STRONG><a name="[67]"></a>__1printf$1</STRONG> (Thumb, 0 bytes, Stack size 24 bytes, printf1.o(i.__0printf$1), UNUSED)

<P><STRONG><a name="[57]"></a>__2printf</STRONG> (Thumb, 0 bytes, Stack size 24 bytes, printf1.o(i.__0printf$1))
<BR><BR>[Stack]<UL><LI>Max Depth = 24<LI>Call Chain = __2printf
</UL>
<BR>[Called By]<UL><LI><a href="#[26]">&gt;&gt;</a>&nbsp;&nbsp;&nbsp;main
</UL>

<P><STRONG><a name="[41]"></a>__ARM_clz</STRONG> (Thumb, 46 bytes, Stack size 0 bytes, depilogue.o(i.__ARM_clz))
<BR><BR>[Called By]<UL><LI><a href="#[36]">&gt;&gt;</a>&nbsp;&nbsp;&nbsp;_double_epilogue
</UL>

<P><STRONG><a name="[68]"></a>__scatterload_copy</STRONG> (Thumb, 14 bytes, Stack size unknown bytes, handlers.o(i.__scatterload_copy), UNUSED)

<P><STRONG><a name="[69]"></a>__scatterload_null</STRONG> (Thumb, 2 bytes, Stack size unknown bytes, handlers.o(i.__scatterload_null), UNUSED)

<P><STRONG><a name="[6a]"></a>__scatterload_zeroinit</STRONG> (Thumb, 14 bytes, Stack size unknown bytes, handlers.o(i.__scatterload_zeroinit), UNUSED)

<P><STRONG><a name="[4d]"></a>dianji</STRONG> (Thumb, 50 bytes, Stack size 16 bytes, ftm.o(i.dianji))
<BR><BR>[Stack]<UL><LI>Max Depth = 28<LI>Call Chain = dianji &rArr; __aeabi_uidivmod
</UL>
<BR>[Calls]<UL><LI><a href="#[46]">&gt;&gt;</a>&nbsp;&nbsp;&nbsp;__aeabi_uidivmod
</UL>
<BR>[Called By]<UL><LI><a href="#[56]">&gt;&gt;</a>&nbsp;&nbsp;&nbsp;motor_strategy
</UL>

<P><STRONG><a name="[2a]"></a>fputc</STRONG> (Thumb, 16 bytes, Stack size 16 bytes, main.o(i.fputc))
<BR><BR>[Stack]<UL><LI>Max Depth = 16<LI>Call Chain = fputc
</UL>
<BR>[Calls]<UL><LI><a href="#[49]">&gt;&gt;</a>&nbsp;&nbsp;&nbsp;Uart_SendChar
</UL>
<BR>[Address Reference Count : 1]<UL><LI> printf1.o(i.__0printf$1)
</UL>
<P><STRONG><a name="[26]"></a>main</STRONG> (Thumb, 136 bytes, Stack size 0 bytes, main.o(i.main))
<BR><BR>[Stack]<UL><LI>Max Depth = 184<LI>Call Chain = main &rArr; ADC_Get_diff_pos &rArr; __aeabi_dmul &rArr; _double_epilogue &rArr; __aeabi_llsr
</UL>
<BR>[Calls]<UL><LI><a href="#[57]">&gt;&gt;</a>&nbsp;&nbsp;&nbsp;__2printf
<LI><a href="#[56]">&gt;&gt;</a>&nbsp;&nbsp;&nbsp;motor_strategy
<LI><a href="#[53]">&gt;&gt;</a>&nbsp;&nbsp;&nbsp;Uart_SetCallback
<LI><a href="#[4a]">&gt;&gt;</a>&nbsp;&nbsp;&nbsp;Uart_PutString
<LI><a href="#[50]">&gt;&gt;</a>&nbsp;&nbsp;&nbsp;UART_Init
<LI><a href="#[55]">&gt;&gt;</a>&nbsp;&nbsp;&nbsp;KBI_SetCallback
<LI><a href="#[51]">&gt;&gt;</a>&nbsp;&nbsp;&nbsp;KBI_Init
<LI><a href="#[54]">&gt;&gt;</a>&nbsp;&nbsp;&nbsp;NVIC_EnableIRQ
<LI><a href="#[4f]">&gt;&gt;</a>&nbsp;&nbsp;&nbsp;GPIO_Init
<LI><a href="#[47]">&gt;&gt;</a>&nbsp;&nbsp;&nbsp;PWM8khz_Init_2
<LI><a href="#[45]">&gt;&gt;</a>&nbsp;&nbsp;&nbsp;PWM8khz_Init
<LI><a href="#[4e]">&gt;&gt;</a>&nbsp;&nbsp;&nbsp;Clk_Init
<LI><a href="#[52]">&gt;&gt;</a>&nbsp;&nbsp;&nbsp;ADC_Init
<LI><a href="#[43]">&gt;&gt;</a>&nbsp;&nbsp;&nbsp;ADC_Get_diff_pos
</UL>
<BR>[Address Reference Count : 1]<UL><LI> entry9a.o(.ARM.Collect$$$$0000000B)
</UL>
<P><STRONG><a name="[56]"></a>motor_strategy</STRONG> (Thumb, 128 bytes, Stack size 16 bytes, motor_strategy.o(i.motor_strategy))
<BR><BR>[Stack]<UL><LI>Max Depth = 52<LI>Call Chain = motor_strategy &rArr; __aeabi_frsub &rArr; __aeabi_fadd &rArr; _float_epilogue
</UL>
<BR>[Calls]<UL><LI><a href="#[37]">&gt;&gt;</a>&nbsp;&nbsp;&nbsp;__aeabi_i2f
<LI><a href="#[33]">&gt;&gt;</a>&nbsp;&nbsp;&nbsp;__aeabi_frsub
<LI><a href="#[58]">&gt;&gt;</a>&nbsp;&nbsp;&nbsp;__aeabi_fmul
<LI><a href="#[34]">&gt;&gt;</a>&nbsp;&nbsp;&nbsp;__aeabi_fdiv
<LI><a href="#[2f]">&gt;&gt;</a>&nbsp;&nbsp;&nbsp;__aeabi_fadd
<LI><a href="#[59]">&gt;&gt;</a>&nbsp;&nbsp;&nbsp;__aeabi_f2iz
<LI><a href="#[4d]">&gt;&gt;</a>&nbsp;&nbsp;&nbsp;dianji
</UL>
<BR>[Called By]<UL><LI><a href="#[26]">&gt;&gt;</a>&nbsp;&nbsp;&nbsp;main
</UL>
<P>
<H3>
Local Symbols
</H3>
<P><STRONG><a name="[54]"></a>NVIC_EnableIRQ</STRONG> (Thumb, 18 bytes, Stack size 0 bytes, main.o(i.NVIC_EnableIRQ))
<BR><BR>[Called By]<UL><LI><a href="#[26]">&gt;&gt;</a>&nbsp;&nbsp;&nbsp;main
</UL>

<P><STRONG><a name="[4c]"></a>_printf_core</STRONG> (Thumb, 332 bytes, Stack size 88 bytes, printf1.o(i._printf_core), UNUSED)
<BR><BR>[Calls]<UL><LI><a href="#[46]">&gt;&gt;</a>&nbsp;&nbsp;&nbsp;__aeabi_uidivmod
</UL>
<BR>[Called By]<UL><LI><a href="#[4b]">&gt;&gt;</a>&nbsp;&nbsp;&nbsp;__0printf$1
</UL>
<P>
<H3>
Undefined Global Symbols
</H3><HR></body></html>
