Component: ARM Compiler 5.06 update 4 (build 422) Tool: armlink [4d35d2]

==============================================================================

Section Cross References

    adc.o(i.ADC_Get_diff_pos) refers to adc.o(i.ADC_Read) for ADC_Read
    adc.o(i.ADC_Get_diff_pos) refers to dfltui.o(.text) for __aeabi_ui2d
    adc.o(i.ADC_Get_diff_pos) refers to dmul.o(.text) for __aeabi_dmul
    adc.o(i.ADC_Get_diff_pos) refers to dadd.o(.text) for __aeabi_dadd
    adc.o(i.ADC_Get_diff_pos) refers to dfixi.o(.text) for __aeabi_d2iz
    ftm.o(i.FTM2_IRQHandler) refers to ftm.o(.data) for period
    ftm.o(i.FTM_Init) refers to ftm.o(.data) for period
    ftm.o(i.FTM_SetCallback) refers to ftm.o(.data) for FTM_Callback
    ftm.o(i.FTM_SetPeriod) refers to ftm.o(.data) for period
    ftm.o(i.Motor_setspeed) refers to uidiv.o(.text) for __aeabi_uidivmod
    ftm.o(i.PWM8khz_Init) refers to uidiv.o(.text) for __aeabi_uidivmod
    ftm.o(i.PWM8khz_Init_2) refers to uidiv.o(.text) for __aeabi_uidivmod
    ftm.o(i.dianji) refers to uidiv.o(.text) for __aeabi_uidivmod
    main.o(i.Uart_Interrupt) refers to uart.o(i.Uart_SendChar) for Uart_SendChar
    main.o(i.fputc) refers to uart.o(i.Uart_SendChar) for Uart_SendChar
    main.o(i.main) refers to clk.o(i.Clk_Init) for Clk_Init
    main.o(i.main) refers to gpio.o(i.GPIO_Init) for GPIO_Init
    main.o(i.main) refers to uart.o(i.UART_Init) for UART_Init
    main.o(i.main) refers to kbi.o(i.KBI_Init) for KBI_Init
    main.o(i.main) refers to adc.o(i.ADC_Init) for ADC_Init
    main.o(i.main) refers to uart.o(i.Uart_SetCallback) for Uart_SetCallback
    main.o(i.main) refers to main.o(i.NVIC_EnableIRQ) for NVIC_EnableIRQ
    main.o(i.main) refers to ftm.o(i.PWM8khz_Init) for PWM8khz_Init
    main.o(i.main) refers to ftm.o(i.PWM8khz_Init_2) for PWM8khz_Init_2
    main.o(i.main) refers to uart.o(i.Uart_PutString) for Uart_PutString
    main.o(i.main) refers to kbi.o(i.KBI_SetCallback) for KBI_SetCallback
    main.o(i.main) refers to adc.o(i.ADC_Get_diff_pos) for ADC_Get_diff_pos
    main.o(i.main) refers to motor_strategy.o(i.motor_strategy) for motor_strategy
    main.o(i.main) refers to printf1.o(i.__0printf$1) for __2printf
    main.o(i.main) refers to main.o(i.Uart_Interrupt) for Uart_Interrupt
    main.o(i.main) refers to kbi.o(i.KBI_Interrupt) for KBI_Interrupt
    main.o(i.main) refers to main.o(.data) for position_now
    motor_strategy.o(i.motor_strategy) refers to fflti.o(.text) for __aeabi_i2f
    motor_strategy.o(i.motor_strategy) refers to fmul.o(.text) for __aeabi_fmul
    motor_strategy.o(i.motor_strategy) refers to fadd.o(.text) for __aeabi_fadd
    motor_strategy.o(i.motor_strategy) refers to fdiv.o(.text) for __aeabi_fdiv
    motor_strategy.o(i.motor_strategy) refers to ffixi.o(.text) for __aeabi_f2iz
    motor_strategy.o(i.motor_strategy) refers to ftm.o(i.dianji) for dianji
    motor_strategy.o(i.motor_strategy) refers to motor_strategy.o(.data) for diff_speed
    uart.o(i.UART1_IRQHandler) refers to uart.o(i.Uart_GetChar) for Uart_GetChar
    uart.o(i.UART1_IRQHandler) refers to uart.o(.data) for Uart_Callback
    uart.o(i.Uart_PutString) refers to uart.o(i.Uart_SendChar) for Uart_SendChar
    uart.o(i.Uart_SetCallback) refers to uart.o(.data) for Uart_Callback
    kbi.o(i.KBI0_IRQHandler) refers to kbi.o(.data) for KBI_Callback
    kbi.o(i.KBI_Interrupt) refers to kbi.o(.data) for MODE
    kbi.o(i.KBI_SetCallback) refers to kbi.o(.data) for KBI_Callback
    startup_skeaz1284.o(RESET) refers to startup_skeaz1284.o(STACK) for __initial_sp
    startup_skeaz1284.o(RESET) refers to startup_skeaz1284.o(.text) for Reset_Handler
    startup_skeaz1284.o(RESET) refers to uart.o(i.UART1_IRQHandler) for UART1_IRQHandler
    startup_skeaz1284.o(RESET) refers to ftm.o(i.FTM2_IRQHandler) for FTM2_IRQHandler
    startup_skeaz1284.o(RESET) refers to kbi.o(i.KBI0_IRQHandler) for KBI0_IRQHandler
    startup_skeaz1284.o(.text) refers to system_skeaz1284.o(i.SystemInit) for SystemInit
    startup_skeaz1284.o(.text) refers to entry.o(.ARM.Collect$$$$00000000) for __main
    system_skeaz1284.o(i.SystemCoreClockUpdate) refers to uidiv.o(.text) for __aeabi_uidivmod
    system_skeaz1284.o(i.SystemCoreClockUpdate) refers to system_skeaz1284.o(.data) for SystemCoreClock
    entry.o(.ARM.Collect$$$$00000000) refers (Special) to entry10a.o(.ARM.Collect$$$$0000000D) for __rt_final_cpp
    entry.o(.ARM.Collect$$$$00000000) refers (Special) to entry11a.o(.ARM.Collect$$$$0000000F) for __rt_final_exit
    entry.o(.ARM.Collect$$$$00000000) refers (Special) to entry7b.o(.ARM.Collect$$$$00000008) for _main_clock
    entry.o(.ARM.Collect$$$$00000000) refers (Special) to entry8b.o(.ARM.Collect$$$$0000000A) for _main_cpp_init
    entry.o(.ARM.Collect$$$$00000000) refers (Special) to entry9a.o(.ARM.Collect$$$$0000000B) for _main_init
    entry.o(.ARM.Collect$$$$00000000) refers (Special) to entry5.o(.ARM.Collect$$$$00000004) for _main_scatterload
    entry.o(.ARM.Collect$$$$00000000) refers (Special) to entry2.o(.ARM.Collect$$$$00000001) for _main_stk
    printfb.o(i.__0fprintf$bare) refers to printfb.o(i._printf_core) for _printf_core
    printfb.o(i.__0fprintf$bare) refers to main.o(i.fputc) for fputc
    printfb.o(i.__0printf$bare) refers to printfb.o(i._printf_core) for _printf_core
    printfb.o(i.__0printf$bare) refers to main.o(i.fputc) for fputc
    printfb.o(i.__0printf$bare) refers to stdout.o(.data) for __stdout
    printfb.o(i.__0snprintf$bare) refers to printfb.o(i._printf_core) for _printf_core
    printfb.o(i.__0snprintf$bare) refers to printfb.o(i._snputc) for _snputc
    printfb.o(i.__0sprintf$bare) refers to printfb.o(i._printf_core) for _printf_core
    printfb.o(i.__0sprintf$bare) refers to printfb.o(i._sputc) for _sputc
    printfb.o(i.__0vfprintf$bare) refers to printfb.o(i._printf_core) for _printf_core
    printfb.o(i.__0vfprintf$bare) refers to main.o(i.fputc) for fputc
    printfb.o(i.__0vprintf$bare) refers to printfb.o(i._printf_core) for _printf_core
    printfb.o(i.__0vprintf$bare) refers to main.o(i.fputc) for fputc
    printfb.o(i.__0vprintf$bare) refers to stdout.o(.data) for __stdout
    printfb.o(i.__0vsnprintf$bare) refers to printfb.o(i._printf_core) for _printf_core
    printfb.o(i.__0vsnprintf$bare) refers to printfb.o(i._snputc) for _snputc
    printfb.o(i.__0vsprintf$bare) refers to printfb.o(i._printf_core) for _printf_core
    printfb.o(i.__0vsprintf$bare) refers to printfb.o(i._sputc) for _sputc
    printf0.o(i.__0fprintf$0) refers to printf0.o(i._printf_core) for _printf_core
    printf0.o(i.__0fprintf$0) refers to main.o(i.fputc) for fputc
    printf0.o(i.__0printf$0) refers to printf0.o(i._printf_core) for _printf_core
    printf0.o(i.__0printf$0) refers to main.o(i.fputc) for fputc
    printf0.o(i.__0printf$0) refers to stdout.o(.data) for __stdout
    printf0.o(i.__0snprintf$0) refers to printf0.o(i._printf_core) for _printf_core
    printf0.o(i.__0snprintf$0) refers to printf0.o(i._snputc) for _snputc
    printf0.o(i.__0sprintf$0) refers to printf0.o(i._printf_core) for _printf_core
    printf0.o(i.__0sprintf$0) refers to printf0.o(i._sputc) for _sputc
    printf0.o(i.__0vfprintf$0) refers to printf0.o(i._printf_core) for _printf_core
    printf0.o(i.__0vfprintf$0) refers to main.o(i.fputc) for fputc
    printf0.o(i.__0vprintf$0) refers to printf0.o(i._printf_core) for _printf_core
    printf0.o(i.__0vprintf$0) refers to main.o(i.fputc) for fputc
    printf0.o(i.__0vprintf$0) refers to stdout.o(.data) for __stdout
    printf0.o(i.__0vsnprintf$0) refers to printf0.o(i._printf_core) for _printf_core
    printf0.o(i.__0vsnprintf$0) refers to printf0.o(i._snputc) for _snputc
    printf0.o(i.__0vsprintf$0) refers to printf0.o(i._printf_core) for _printf_core
    printf0.o(i.__0vsprintf$0) refers to printf0.o(i._sputc) for _sputc
    printf1.o(i.__0fprintf$1) refers to printf1.o(i._printf_core) for _printf_core
    printf1.o(i.__0fprintf$1) refers to main.o(i.fputc) for fputc
    printf1.o(i.__0printf$1) refers to printf1.o(i._printf_core) for _printf_core
    printf1.o(i.__0printf$1) refers to main.o(i.fputc) for fputc
    printf1.o(i.__0printf$1) refers to stdout.o(.data) for __stdout
    printf1.o(i.__0snprintf$1) refers to printf1.o(i._printf_core) for _printf_core
    printf1.o(i.__0snprintf$1) refers to printf1.o(i._snputc) for _snputc
    printf1.o(i.__0sprintf$1) refers to printf1.o(i._printf_core) for _printf_core
    printf1.o(i.__0sprintf$1) refers to printf1.o(i._sputc) for _sputc
    printf1.o(i.__0vfprintf$1) refers to printf1.o(i._printf_core) for _printf_core
    printf1.o(i.__0vfprintf$1) refers to main.o(i.fputc) for fputc
    printf1.o(i.__0vprintf$1) refers to printf1.o(i._printf_core) for _printf_core
    printf1.o(i.__0vprintf$1) refers to main.o(i.fputc) for fputc
    printf1.o(i.__0vprintf$1) refers to stdout.o(.data) for __stdout
    printf1.o(i.__0vsnprintf$1) refers to printf1.o(i._printf_core) for _printf_core
    printf1.o(i.__0vsnprintf$1) refers to printf1.o(i._snputc) for _snputc
    printf1.o(i.__0vsprintf$1) refers to printf1.o(i._printf_core) for _printf_core
    printf1.o(i.__0vsprintf$1) refers to printf1.o(i._sputc) for _sputc
    printf1.o(i._printf_core) refers to uidiv.o(.text) for __aeabi_uidivmod
    printf2.o(i.__0fprintf$2) refers to printf2.o(i._printf_core) for _printf_core
    printf2.o(i.__0fprintf$2) refers to main.o(i.fputc) for fputc
    printf2.o(i.__0printf$2) refers to printf2.o(i._printf_core) for _printf_core
    printf2.o(i.__0printf$2) refers to main.o(i.fputc) for fputc
    printf2.o(i.__0printf$2) refers to stdout.o(.data) for __stdout
    printf2.o(i.__0snprintf$2) refers to printf2.o(i._printf_core) for _printf_core
    printf2.o(i.__0snprintf$2) refers to printf2.o(i._snputc) for _snputc
    printf2.o(i.__0sprintf$2) refers to printf2.o(i._printf_core) for _printf_core
    printf2.o(i.__0sprintf$2) refers to printf2.o(i._sputc) for _sputc
    printf2.o(i.__0vfprintf$2) refers to printf2.o(i._printf_core) for _printf_core
    printf2.o(i.__0vfprintf$2) refers to main.o(i.fputc) for fputc
    printf2.o(i.__0vprintf$2) refers to printf2.o(i._printf_core) for _printf_core
    printf2.o(i.__0vprintf$2) refers to main.o(i.fputc) for fputc
    printf2.o(i.__0vprintf$2) refers to stdout.o(.data) for __stdout
    printf2.o(i.__0vsnprintf$2) refers to printf2.o(i._printf_core) for _printf_core
    printf2.o(i.__0vsnprintf$2) refers to printf2.o(i._snputc) for _snputc
    printf2.o(i.__0vsprintf$2) refers to printf2.o(i._printf_core) for _printf_core
    printf2.o(i.__0vsprintf$2) refers to printf2.o(i._sputc) for _sputc
    printf3.o(i.__0fprintf$3) refers to printf3.o(i._printf_core) for _printf_core
    printf3.o(i.__0fprintf$3) refers to main.o(i.fputc) for fputc
    printf3.o(i.__0printf$3) refers to printf3.o(i._printf_core) for _printf_core
    printf3.o(i.__0printf$3) refers to main.o(i.fputc) for fputc
    printf3.o(i.__0printf$3) refers to stdout.o(.data) for __stdout
    printf3.o(i.__0snprintf$3) refers to printf3.o(i._printf_core) for _printf_core
    printf3.o(i.__0snprintf$3) refers to printf3.o(i._snputc) for _snputc
    printf3.o(i.__0sprintf$3) refers to printf3.o(i._printf_core) for _printf_core
    printf3.o(i.__0sprintf$3) refers to printf3.o(i._sputc) for _sputc
    printf3.o(i.__0vfprintf$3) refers to printf3.o(i._printf_core) for _printf_core
    printf3.o(i.__0vfprintf$3) refers to main.o(i.fputc) for fputc
    printf3.o(i.__0vprintf$3) refers to printf3.o(i._printf_core) for _printf_core
    printf3.o(i.__0vprintf$3) refers to main.o(i.fputc) for fputc
    printf3.o(i.__0vprintf$3) refers to stdout.o(.data) for __stdout
    printf3.o(i.__0vsnprintf$3) refers to printf3.o(i._printf_core) for _printf_core
    printf3.o(i.__0vsnprintf$3) refers to printf3.o(i._snputc) for _snputc
    printf3.o(i.__0vsprintf$3) refers to printf3.o(i._printf_core) for _printf_core
    printf3.o(i.__0vsprintf$3) refers to printf3.o(i._sputc) for _sputc
    printf3.o(i._printf_core) refers to uidiv.o(.text) for __aeabi_uidivmod
    printf4.o(i.__0fprintf$4) refers to printf4.o(i._printf_core) for _printf_core
    printf4.o(i.__0fprintf$4) refers to main.o(i.fputc) for fputc
    printf4.o(i.__0printf$4) refers to printf4.o(i._printf_core) for _printf_core
    printf4.o(i.__0printf$4) refers to main.o(i.fputc) for fputc
    printf4.o(i.__0printf$4) refers to stdout.o(.data) for __stdout
    printf4.o(i.__0snprintf$4) refers to printf4.o(i._printf_core) for _printf_core
    printf4.o(i.__0snprintf$4) refers to printf4.o(i._snputc) for _snputc
    printf4.o(i.__0sprintf$4) refers to printf4.o(i._printf_core) for _printf_core
    printf4.o(i.__0sprintf$4) refers to printf4.o(i._sputc) for _sputc
    printf4.o(i.__0vfprintf$4) refers to printf4.o(i._printf_core) for _printf_core
    printf4.o(i.__0vfprintf$4) refers to main.o(i.fputc) for fputc
    printf4.o(i.__0vprintf$4) refers to printf4.o(i._printf_core) for _printf_core
    printf4.o(i.__0vprintf$4) refers to main.o(i.fputc) for fputc
    printf4.o(i.__0vprintf$4) refers to stdout.o(.data) for __stdout
    printf4.o(i.__0vsnprintf$4) refers to printf4.o(i._printf_core) for _printf_core
    printf4.o(i.__0vsnprintf$4) refers to printf4.o(i._snputc) for _snputc
    printf4.o(i.__0vsprintf$4) refers to printf4.o(i._printf_core) for _printf_core
    printf4.o(i.__0vsprintf$4) refers to printf4.o(i._sputc) for _sputc
    printf4.o(i._printf_core) refers to uldiv.o(.text) for __aeabi_uldivmod
    printf5.o(i.__0fprintf$5) refers to printf5.o(i._printf_core) for _printf_core
    printf5.o(i.__0fprintf$5) refers to main.o(i.fputc) for fputc
    printf5.o(i.__0printf$5) refers to printf5.o(i._printf_core) for _printf_core
    printf5.o(i.__0printf$5) refers to main.o(i.fputc) for fputc
    printf5.o(i.__0printf$5) refers to stdout.o(.data) for __stdout
    printf5.o(i.__0snprintf$5) refers to printf5.o(i._printf_core) for _printf_core
    printf5.o(i.__0snprintf$5) refers to printf5.o(i._snputc) for _snputc
    printf5.o(i.__0sprintf$5) refers to printf5.o(i._printf_core) for _printf_core
    printf5.o(i.__0sprintf$5) refers to printf5.o(i._sputc) for _sputc
    printf5.o(i.__0vfprintf$5) refers to printf5.o(i._printf_core) for _printf_core
    printf5.o(i.__0vfprintf$5) refers to main.o(i.fputc) for fputc
    printf5.o(i.__0vprintf$5) refers to printf5.o(i._printf_core) for _printf_core
    printf5.o(i.__0vprintf$5) refers to main.o(i.fputc) for fputc
    printf5.o(i.__0vprintf$5) refers to stdout.o(.data) for __stdout
    printf5.o(i.__0vsnprintf$5) refers to printf5.o(i._printf_core) for _printf_core
    printf5.o(i.__0vsnprintf$5) refers to printf5.o(i._snputc) for _snputc
    printf5.o(i.__0vsprintf$5) refers to printf5.o(i._printf_core) for _printf_core
    printf5.o(i.__0vsprintf$5) refers to printf5.o(i._sputc) for _sputc
    printf5.o(i._printf_core) refers to uldiv.o(.text) for __aeabi_uldivmod
    printf6.o(i.__0fprintf$6) refers to printf6.o(i._printf_core) for _printf_core
    printf6.o(i.__0fprintf$6) refers to main.o(i.fputc) for fputc
    printf6.o(i.__0printf$6) refers to printf6.o(i._printf_core) for _printf_core
    printf6.o(i.__0printf$6) refers to main.o(i.fputc) for fputc
    printf6.o(i.__0printf$6) refers to stdout.o(.data) for __stdout
    printf6.o(i.__0snprintf$6) refers to printf6.o(i._printf_core) for _printf_core
    printf6.o(i.__0snprintf$6) refers to printf6.o(i._snputc) for _snputc
    printf6.o(i.__0sprintf$6) refers to printf6.o(i._printf_core) for _printf_core
    printf6.o(i.__0sprintf$6) refers to printf6.o(i._sputc) for _sputc
    printf6.o(i.__0vfprintf$6) refers to printf6.o(i._printf_core) for _printf_core
    printf6.o(i.__0vfprintf$6) refers to main.o(i.fputc) for fputc
    printf6.o(i.__0vprintf$6) refers to printf6.o(i._printf_core) for _printf_core
    printf6.o(i.__0vprintf$6) refers to main.o(i.fputc) for fputc
    printf6.o(i.__0vprintf$6) refers to stdout.o(.data) for __stdout
    printf6.o(i.__0vsnprintf$6) refers to printf6.o(i._printf_core) for _printf_core
    printf6.o(i.__0vsnprintf$6) refers to printf6.o(i._snputc) for _snputc
    printf6.o(i.__0vsprintf$6) refers to printf6.o(i._printf_core) for _printf_core
    printf6.o(i.__0vsprintf$6) refers to printf6.o(i._sputc) for _sputc
    printf6.o(i._printf_core) refers to printf6.o(i._printf_pre_padding) for _printf_pre_padding
    printf6.o(i._printf_core) refers to printf6.o(i._printf_post_padding) for _printf_post_padding
    printf6.o(i._printf_core) refers to uidiv.o(.text) for __aeabi_uidivmod
    printf7.o(i.__0fprintf$7) refers to printf7.o(i._printf_core) for _printf_core
    printf7.o(i.__0fprintf$7) refers to main.o(i.fputc) for fputc
    printf7.o(i.__0printf$7) refers to printf7.o(i._printf_core) for _printf_core
    printf7.o(i.__0printf$7) refers to main.o(i.fputc) for fputc
    printf7.o(i.__0printf$7) refers to stdout.o(.data) for __stdout
    printf7.o(i.__0snprintf$7) refers to printf7.o(i._printf_core) for _printf_core
    printf7.o(i.__0snprintf$7) refers to printf7.o(i._snputc) for _snputc
    printf7.o(i.__0sprintf$7) refers to printf7.o(i._printf_core) for _printf_core
    printf7.o(i.__0sprintf$7) refers to printf7.o(i._sputc) for _sputc
    printf7.o(i.__0vfprintf$7) refers to printf7.o(i._printf_core) for _printf_core
    printf7.o(i.__0vfprintf$7) refers to main.o(i.fputc) for fputc
    printf7.o(i.__0vprintf$7) refers to printf7.o(i._printf_core) for _printf_core
    printf7.o(i.__0vprintf$7) refers to main.o(i.fputc) for fputc
    printf7.o(i.__0vprintf$7) refers to stdout.o(.data) for __stdout
    printf7.o(i.__0vsnprintf$7) refers to printf7.o(i._printf_core) for _printf_core
    printf7.o(i.__0vsnprintf$7) refers to printf7.o(i._snputc) for _snputc
    printf7.o(i.__0vsprintf$7) refers to printf7.o(i._printf_core) for _printf_core
    printf7.o(i.__0vsprintf$7) refers to printf7.o(i._sputc) for _sputc
    printf7.o(i._printf_core) refers to printf7.o(i._printf_pre_padding) for _printf_pre_padding
    printf7.o(i._printf_core) refers to printf7.o(i._printf_post_padding) for _printf_post_padding
    printf7.o(i._printf_core) refers to uldiv.o(.text) for __aeabi_uldivmod
    printf8.o(i.__0fprintf$8) refers to printf8.o(i._printf_core) for _printf_core
    printf8.o(i.__0fprintf$8) refers to main.o(i.fputc) for fputc
    printf8.o(i.__0printf$8) refers to printf8.o(i._printf_core) for _printf_core
    printf8.o(i.__0printf$8) refers to main.o(i.fputc) for fputc
    printf8.o(i.__0printf$8) refers to stdout.o(.data) for __stdout
    printf8.o(i.__0snprintf$8) refers to printf8.o(i._printf_core) for _printf_core
    printf8.o(i.__0snprintf$8) refers to printf8.o(i._snputc) for _snputc
    printf8.o(i.__0sprintf$8) refers to printf8.o(i._printf_core) for _printf_core
    printf8.o(i.__0sprintf$8) refers to printf8.o(i._sputc) for _sputc
    printf8.o(i.__0vfprintf$8) refers to printf8.o(i._printf_core) for _printf_core
    printf8.o(i.__0vfprintf$8) refers to main.o(i.fputc) for fputc
    printf8.o(i.__0vprintf$8) refers to printf8.o(i._printf_core) for _printf_core
    printf8.o(i.__0vprintf$8) refers to main.o(i.fputc) for fputc
    printf8.o(i.__0vprintf$8) refers to stdout.o(.data) for __stdout
    printf8.o(i.__0vsnprintf$8) refers to printf8.o(i._printf_core) for _printf_core
    printf8.o(i.__0vsnprintf$8) refers to printf8.o(i._snputc) for _snputc
    printf8.o(i.__0vsprintf$8) refers to printf8.o(i._printf_core) for _printf_core
    printf8.o(i.__0vsprintf$8) refers to printf8.o(i._sputc) for _sputc
    printf8.o(i._printf_core) refers to printf8.o(i._printf_pre_padding) for _printf_pre_padding
    printf8.o(i._printf_core) refers to printf8.o(i._printf_post_padding) for _printf_post_padding
    printf8.o(i._printf_core) refers to uldiv.o(.text) for __aeabi_uldivmod
    printfa.o(i.__0fprintf) refers (Special) to iusefp.o(.text) for __I$use$fp
    printfa.o(i.__0fprintf) refers to printfa.o(i._printf_core) for _printf_core
    printfa.o(i.__0fprintf) refers to main.o(i.fputc) for fputc
    printfa.o(i.__0printf) refers (Special) to iusefp.o(.text) for __I$use$fp
    printfa.o(i.__0printf) refers to printfa.o(i._printf_core) for _printf_core
    printfa.o(i.__0printf) refers to main.o(i.fputc) for fputc
    printfa.o(i.__0printf) refers to stdout.o(.data) for __stdout
    printfa.o(i.__0snprintf) refers (Special) to iusefp.o(.text) for __I$use$fp
    printfa.o(i.__0snprintf) refers to printfa.o(i._printf_core) for _printf_core
    printfa.o(i.__0snprintf) refers to printfa.o(i._snputc) for _snputc
    printfa.o(i.__0sprintf) refers (Special) to iusefp.o(.text) for __I$use$fp
    printfa.o(i.__0sprintf) refers to printfa.o(i._printf_core) for _printf_core
    printfa.o(i.__0sprintf) refers to printfa.o(i._sputc) for _sputc
    printfa.o(i.__0vfprintf) refers (Special) to iusefp.o(.text) for __I$use$fp
    printfa.o(i.__0vfprintf) refers to printfa.o(i._printf_core) for _printf_core
    printfa.o(i.__0vfprintf) refers to main.o(i.fputc) for fputc
    printfa.o(i.__0vprintf) refers (Special) to iusefp.o(.text) for __I$use$fp
    printfa.o(i.__0vprintf) refers to printfa.o(i._printf_core) for _printf_core
    printfa.o(i.__0vprintf) refers to main.o(i.fputc) for fputc
    printfa.o(i.__0vprintf) refers to stdout.o(.data) for __stdout
    printfa.o(i.__0vsnprintf) refers (Special) to iusefp.o(.text) for __I$use$fp
    printfa.o(i.__0vsnprintf) refers to printfa.o(i._printf_core) for _printf_core
    printfa.o(i.__0vsnprintf) refers to printfa.o(i._snputc) for _snputc
    printfa.o(i.__0vsprintf) refers (Special) to iusefp.o(.text) for __I$use$fp
    printfa.o(i.__0vsprintf) refers to printfa.o(i._printf_core) for _printf_core
    printfa.o(i.__0vsprintf) refers to printfa.o(i._sputc) for _sputc
    printfa.o(i._fp_digits) refers (Special) to iusefp.o(.text) for __I$use$fp
    printfa.o(i._fp_digits) refers to dmul.o(.text) for __aeabi_dmul
    printfa.o(i._fp_digits) refers to ddiv.o(.text) for __aeabi_ddiv
    printfa.o(i._fp_digits) refers to cdrcmple.o(.text) for __aeabi_cdrcmple
    printfa.o(i._fp_digits) refers to dadd.o(.text) for __aeabi_dadd
    printfa.o(i._fp_digits) refers to dfixul.o(.text) for __aeabi_d2ulz
    printfa.o(i._fp_digits) refers to uldiv.o(.text) for __aeabi_uldivmod
    printfa.o(i._printf_core) refers (Special) to iusefp.o(.text) for __I$use$fp
    printfa.o(i._printf_core) refers to printfa.o(i._printf_pre_padding) for _printf_pre_padding
    printfa.o(i._printf_core) refers to uldiv.o(.text) for __aeabi_uldivmod
    printfa.o(i._printf_core) refers to printfa.o(i._printf_post_padding) for _printf_post_padding
    printfa.o(i._printf_core) refers to printfa.o(i._fp_digits) for _fp_digits
    printfa.o(i._printf_core) refers to uidiv.o(.text) for __aeabi_uidivmod
    printfa.o(i._printf_post_padding) refers (Special) to iusefp.o(.text) for __I$use$fp
    printfa.o(i._printf_pre_padding) refers (Special) to iusefp.o(.text) for __I$use$fp
    printfa.o(i._snputc) refers (Special) to iusefp.o(.text) for __I$use$fp
    printfa.o(i._sputc) refers (Special) to iusefp.o(.text) for __I$use$fp
    fadd.o(.text) refers (Special) to iusefp.o(.text) for __I$use$fp
    fadd.o(.text) refers to fepilogue.o(.text) for _float_epilogue
    fmul.o(.text) refers (Special) to iusefp.o(.text) for __I$use$fp
    fdiv.o(.text) refers (Special) to iusefp.o(.text) for __I$use$fp
    fdiv.o(.text) refers to fepilogue.o(.text) for _float_round
    dadd.o(.text) refers (Special) to iusefp.o(.text) for __I$use$fp
    dadd.o(.text) refers to llshl.o(.text) for __aeabi_llsl
    dadd.o(.text) refers to llsshr.o(.text) for __aeabi_lasr
    dadd.o(.text) refers to depilogue.o(.text) for _double_epilogue
    dmul.o(.text) refers (Special) to iusefp.o(.text) for __I$use$fp
    dmul.o(.text) refers to depilogue.o(.text) for _double_epilogue
    fflti.o(.text) refers (Special) to iusefp.o(.text) for __I$use$fp
    fflti.o(.text) refers to fepilogue.o(.text) for _float_epilogue
    dfltui.o(.text) refers (Special) to iusefp.o(.text) for __I$use$fp
    dfltui.o(.text) refers to depilogue.o(.text) for _double_epilogue
    ffixi.o(.text) refers (Special) to iusefp.o(.text) for __I$use$fp
    dfixi.o(.text) refers (Special) to iusefp.o(.text) for __I$use$fp
    dfixi.o(.text) refers to llushr.o(.text) for __aeabi_llsr
    entry2.o(.ARM.Collect$$$$00000001) refers to entry2.o(.ARM.Collect$$$$00002712) for __lit__00000000
    entry2.o(.ARM.Collect$$$$00002712) refers to startup_skeaz1284.o(STACK) for __initial_sp
    entry2.o(__vectab_stack_and_reset_area) refers to startup_skeaz1284.o(STACK) for __initial_sp
    entry2.o(__vectab_stack_and_reset_area) refers to entry.o(.ARM.Collect$$$$00000000) for __main
    entry5.o(.ARM.Collect$$$$00000004) refers to init.o(.text) for __scatterload
    entry9a.o(.ARM.Collect$$$$0000000B) refers to main.o(i.main) for main
    entry9b.o(.ARM.Collect$$$$0000000C) refers to main.o(i.main) for main
    uldiv.o(.text) refers to llushr.o(.text) for __aeabi_llsr
    uldiv.o(.text) refers to llshl.o(.text) for __aeabi_llsl
    depilogue.o(.text) refers to depilogue.o(i.__ARM_clz) for __ARM_clz
    depilogue.o(.text) refers to llshl.o(.text) for __aeabi_llsl
    depilogue.o(.text) refers to llushr.o(.text) for __aeabi_llsr
    ddiv.o(.text) refers to depilogue.o(.text) for _double_round
    dfixul.o(.text) refers to llushr.o(.text) for __aeabi_llsr
    dfixul.o(.text) refers to llshl.o(.text) for __aeabi_llsl
    init.o(.text) refers to entry5.o(.ARM.Collect$$$$00000004) for __main_after_scatterload


==============================================================================

Removing Unused input sections from the image.

    Removing adc.o(.rev16_text), (4 bytes).
    Removing adc.o(.revsh_text), (4 bytes).
    Removing clk.o(.rev16_text), (4 bytes).
    Removing clk.o(.revsh_text), (4 bytes).
    Removing ftm.o(.rev16_text), (4 bytes).
    Removing ftm.o(.revsh_text), (4 bytes).
    Removing ftm.o(i.FTM_Init), (176 bytes).
    Removing ftm.o(i.FTM_SetCallback), (12 bytes).
    Removing ftm.o(i.FTM_SetPeriod), (48 bytes).
    Removing ftm.o(i.Motor_setspeed), (156 bytes).
    Removing gpio.o(.rev16_text), (4 bytes).
    Removing gpio.o(.revsh_text), (4 bytes).
    Removing main.o(.rev16_text), (4 bytes).
    Removing main.o(.revsh_text), (4 bytes).
    Removing motor_strategy.o(.rev16_text), (4 bytes).
    Removing motor_strategy.o(.revsh_text), (4 bytes).
    Removing uart.o(.rev16_text), (4 bytes).
    Removing uart.o(.revsh_text), (4 bytes).
    Removing kbi.o(.rev16_text), (4 bytes).
    Removing kbi.o(.revsh_text), (4 bytes).
    Removing startup_skeaz1284.o(HEAP), (0 bytes).
    Removing system_skeaz1284.o(.rev16_text), (4 bytes).
    Removing system_skeaz1284.o(.revsh_text), (4 bytes).
    Removing system_skeaz1284.o(i.SystemCoreClockUpdate), (180 bytes).
    Removing system_skeaz1284.o(.data), (4 bytes).
    Removing ddiv.o(.text), (240 bytes).
    Removing dfixul.o(.text), (64 bytes).
    Removing cdrcmple.o(.text), (40 bytes).

28 unused section(s) (total 992 bytes) removed from the image.

==============================================================================

Image Symbol Table

    Local Symbols

    Symbol Name                              Value     Ov Type        Size  Object(Section)

    RESET                                    0x00000000   Section      192  startup_skeaz1284.o(RESET)
    ../clib/microlib/division.c              0x00000000   Number         0  uidiv.o ABSOLUTE
    ../clib/microlib/division.c              0x00000000   Number         0  uldiv.o ABSOLUTE
    ../clib/microlib/init/entry.s            0x00000000   Number         0  entry2.o ABSOLUTE
    ../clib/microlib/init/entry.s            0x00000000   Number         0  entry7a.o ABSOLUTE
    ../clib/microlib/init/entry.s            0x00000000   Number         0  entry7b.o ABSOLUTE
    ../clib/microlib/init/entry.s            0x00000000   Number         0  entry5.o ABSOLUTE
    ../clib/microlib/init/entry.s            0x00000000   Number         0  entry8a.o ABSOLUTE
    ../clib/microlib/init/entry.s            0x00000000   Number         0  entry.o ABSOLUTE
    ../clib/microlib/init/entry.s            0x00000000   Number         0  entry11a.o ABSOLUTE
    ../clib/microlib/init/entry.s            0x00000000   Number         0  entry8b.o ABSOLUTE
    ../clib/microlib/init/entry.s            0x00000000   Number         0  entry11b.o ABSOLUTE
    ../clib/microlib/init/entry.s            0x00000000   Number         0  entry9a.o ABSOLUTE
    ../clib/microlib/init/entry.s            0x00000000   Number         0  entry10b.o ABSOLUTE
    ../clib/microlib/init/entry.s            0x00000000   Number         0  entry10a.o ABSOLUTE
    ../clib/microlib/init/entry.s            0x00000000   Number         0  entry9b.o ABSOLUTE
    ../clib/microlib/longlong.c              0x00000000   Number         0  llushr.o ABSOLUTE
    ../clib/microlib/longlong.c              0x00000000   Number         0  llshl.o ABSOLUTE
    ../clib/microlib/longlong.c              0x00000000   Number         0  llsshr.o ABSOLUTE
    ../clib/microlib/printf/printf.c         0x00000000   Number         0  printfb.o ABSOLUTE
    ../clib/microlib/printf/printf.c         0x00000000   Number         0  printf8.o ABSOLUTE
    ../clib/microlib/printf/printf.c         0x00000000   Number         0  printf6.o ABSOLUTE
    ../clib/microlib/printf/printf.c         0x00000000   Number         0  printf0.o ABSOLUTE
    ../clib/microlib/printf/printf.c         0x00000000   Number         0  printf1.o ABSOLUTE
    ../clib/microlib/printf/printf.c         0x00000000   Number         0  printfa.o ABSOLUTE
    ../clib/microlib/printf/printf.c         0x00000000   Number         0  printf7.o ABSOLUTE
    ../clib/microlib/printf/printf.c         0x00000000   Number         0  printf2.o ABSOLUTE
    ../clib/microlib/printf/printf.c         0x00000000   Number         0  printf3.o ABSOLUTE
    ../clib/microlib/printf/printf.c         0x00000000   Number         0  printf4.o ABSOLUTE
    ../clib/microlib/printf/printf.c         0x00000000   Number         0  printf5.o ABSOLUTE
    ../clib/microlib/printf/stubs.s          0x00000000   Number         0  stubs.o ABSOLUTE
    ../clib/microlib/stdio/streams.c         0x00000000   Number         0  stdout.o ABSOLUTE
    ../clib/microlib/stubs.s                 0x00000000   Number         0  iusefp.o ABSOLUTE
    ../fplib/microlib/fpadd.c                0x00000000   Number         0  fadd.o ABSOLUTE
    ../fplib/microlib/fpadd.c                0x00000000   Number         0  dadd.o ABSOLUTE
    ../fplib/microlib/fpdiv.c                0x00000000   Number         0  ddiv.o ABSOLUTE
    ../fplib/microlib/fpdiv.c                0x00000000   Number         0  fdiv.o ABSOLUTE
    ../fplib/microlib/fpepilogue.c           0x00000000   Number         0  fepilogue.o ABSOLUTE
    ../fplib/microlib/fpepilogue.c           0x00000000   Number         0  depilogue.o ABSOLUTE
    ../fplib/microlib/fpfix.c                0x00000000   Number         0  ffixi.o ABSOLUTE
    ../fplib/microlib/fpfix.c                0x00000000   Number         0  dfixi.o ABSOLUTE
    ../fplib/microlib/fpfix.c                0x00000000   Number         0  dfixul.o ABSOLUTE
    ../fplib/microlib/fpflt.c                0x00000000   Number         0  fflti.o ABSOLUTE
    ../fplib/microlib/fpflt.c                0x00000000   Number         0  dfltui.o ABSOLUTE
    ../fplib/microlib/fpmul.c                0x00000000   Number         0  dmul.o ABSOLUTE
    ../fplib/microlib/fpmul.c                0x00000000   Number         0  fmul.o ABSOLUTE
    RTE\Device\SKEAZ128xxx4\startup_SKEAZ1284.s 0x00000000   Number         0  startup_skeaz1284.o ABSOLUTE
    RTE\Device\SKEAZ128xxx4\system_SKEAZ1284.c 0x00000000   Number         0  system_skeaz1284.o ABSOLUTE
    RTE\\Device\\SKEAZ128xxx4\\system_SKEAZ1284.c 0x00000000   Number         0  system_skeaz1284.o ABSOLUTE
    Souces\ADC.c                             0x00000000   Number         0  adc.o ABSOLUTE
    Souces\CLK.c                             0x00000000   Number         0  clk.o ABSOLUTE
    Souces\FTM.c                             0x00000000   Number         0  ftm.o ABSOLUTE
    Souces\GPIO.c                            0x00000000   Number         0  gpio.o ABSOLUTE
    Souces\KBI.c                             0x00000000   Number         0  kbi.o ABSOLUTE
    Souces\UART.c                            0x00000000   Number         0  uart.o ABSOLUTE
    Souces\\ADC.c                            0x00000000   Number         0  adc.o ABSOLUTE
    Souces\\CLK.c                            0x00000000   Number         0  clk.o ABSOLUTE
    Souces\\FTM.c                            0x00000000   Number         0  ftm.o ABSOLUTE
    Souces\\GPIO.c                           0x00000000   Number         0  gpio.o ABSOLUTE
    Souces\\KBI.c                            0x00000000   Number         0  kbi.o ABSOLUTE
    Souces\\UART.c                           0x00000000   Number         0  uart.o ABSOLUTE
    Souces\\main.c                           0x00000000   Number         0  main.o ABSOLUTE
    Souces\\motor_strategy.c                 0x00000000   Number         0  motor_strategy.o ABSOLUTE
    Souces\main.c                            0x00000000   Number         0  main.o ABSOLUTE
    Souces\motor_strategy.c                  0x00000000   Number         0  motor_strategy.o ABSOLUTE
    cdrcmple.s                               0x00000000   Number         0  cdrcmple.o ABSOLUTE
    dc.s                                     0x00000000   Number         0  dc.o ABSOLUTE
    handlers.s                               0x00000000   Number         0  handlers.o ABSOLUTE
    init.s                                   0x00000000   Number         0  init.o ABSOLUTE
    .ARM.Collect$$$$00000000                 0x000000c0   Section        0  entry.o(.ARM.Collect$$$$00000000)
    .ARM.Collect$$$$00000001                 0x000000c0   Section        4  entry2.o(.ARM.Collect$$$$00000001)
    .ARM.Collect$$$$00000004                 0x000000c4   Section        4  entry5.o(.ARM.Collect$$$$00000004)
    .ARM.Collect$$$$00000008                 0x000000c8   Section        0  entry7b.o(.ARM.Collect$$$$00000008)
    .ARM.Collect$$$$0000000A                 0x000000c8   Section        0  entry8b.o(.ARM.Collect$$$$0000000A)
    .ARM.Collect$$$$0000000B                 0x000000c8   Section        8  entry9a.o(.ARM.Collect$$$$0000000B)
    .ARM.Collect$$$$0000000D                 0x000000d0   Section        0  entry10a.o(.ARM.Collect$$$$0000000D)
    .ARM.Collect$$$$0000000F                 0x000000d0   Section        0  entry11a.o(.ARM.Collect$$$$0000000F)
    .ARM.Collect$$$$00002712                 0x000000d0   Section        4  entry2.o(.ARM.Collect$$$$00002712)
    __lit__00000000                          0x000000d0   Data           4  entry2.o(.ARM.Collect$$$$00002712)
    .text                                    0x000000d4   Section       40  startup_skeaz1284.o(.text)
    .text                                    0x000000fc   Section        0  uidiv.o(.text)
    .text                                    0x00000128   Section        0  fadd.o(.text)
    .text                                    0x000001da   Section        0  fmul.o(.text)
    .text                                    0x00000254   Section        0  fdiv.o(.text)
    .text                                    0x000002d0   Section        0  dmul.o(.text)
    .text                                    0x000003a0   Section        0  fflti.o(.text)
    .text                                    0x000003b8   Section        0  dfltui.o(.text)
    .text                                    0x000003d4   Section        0  llshl.o(.text)
    .text                                    0x000003f4   Section        0  iusefp.o(.text)
    i.KBI_SetCallback                        0x000003f4   Section        0  kbi.o(i.KBI_SetCallback)
    .ARM.__at_0x400                          0x00000400   Section       16  startup_skeaz1284.o(.ARM.__at_0x400)
    .text                                    0x00000410   Section        0  dadd.o(.text)
    .text                                    0x00000574   Section        0  ffixi.o(.text)
    .text                                    0x000005a8   Section        0  dfixi.o(.text)
    .text                                    0x000005f0   Section        0  llushr.o(.text)
    .text                                    0x00000612   Section        0  llsshr.o(.text)
    .text                                    0x00000638   Section        0  fepilogue.o(.text)
    .text                                    0x000006ba   Section        0  depilogue.o(.text)
    .text                                    0x00000778   Section       36  init.o(.text)
    i.ADC_Get_diff_pos                       0x0000079c   Section        0  adc.o(i.ADC_Get_diff_pos)
    i.ADC_Init                               0x0000081c   Section        0  adc.o(i.ADC_Init)
    i.ADC_Read                               0x00000874   Section        0  adc.o(i.ADC_Read)
    i.Clk_Init                               0x00000898   Section        0  clk.o(i.Clk_Init)
    i.FTM2_IRQHandler                        0x000008d4   Section        0  ftm.o(i.FTM2_IRQHandler)
    i.GPIO_Init                              0x000009ac   Section        0  gpio.o(i.GPIO_Init)
    i.KBI0_IRQHandler                        0x00000ab0   Section        0  kbi.o(i.KBI0_IRQHandler)
    i.KBI_Init                               0x00000af4   Section        0  kbi.o(i.KBI_Init)
    i.KBI_Interrupt                          0x00000b4c   Section        0  kbi.o(i.KBI_Interrupt)
    i.NVIC_EnableIRQ                         0x00000ba8   Section        0  main.o(i.NVIC_EnableIRQ)
    NVIC_EnableIRQ                           0x00000ba9   Thumb Code    18  main.o(i.NVIC_EnableIRQ)
    i.PWM8khz_Init                           0x00000bc0   Section        0  ftm.o(i.PWM8khz_Init)
    i.PWM8khz_Init_2                         0x00000c58   Section        0  ftm.o(i.PWM8khz_Init_2)
    i.SystemInit                             0x00000cfc   Section        0  system_skeaz1284.o(i.SystemInit)
    i.UART1_IRQHandler                       0x00000d6c   Section        0  uart.o(i.UART1_IRQHandler)
    i.UART_Init                              0x00000d88   Section        0  uart.o(i.UART_Init)
    i.Uart_GetChar                           0x00000dbc   Section        0  uart.o(i.Uart_GetChar)
    i.Uart_Interrupt                         0x00000dd8   Section        0  main.o(i.Uart_Interrupt)
    i.Uart_PutString                         0x00000de4   Section        0  uart.o(i.Uart_PutString)
    i.Uart_SendChar                          0x00000dfc   Section        0  uart.o(i.Uart_SendChar)
    i.Uart_SetCallback                       0x00000e18   Section        0  uart.o(i.Uart_SetCallback)
    i.__0printf$1                            0x00000e24   Section        0  printf1.o(i.__0printf$1)
    i.__ARM_clz                              0x00000e44   Section        0  depilogue.o(i.__ARM_clz)
    i.__scatterload_copy                     0x00000e72   Section       14  handlers.o(i.__scatterload_copy)
    i.__scatterload_null                     0x00000e80   Section        2  handlers.o(i.__scatterload_null)
    i.__scatterload_zeroinit                 0x00000e82   Section       14  handlers.o(i.__scatterload_zeroinit)
    i._printf_core                           0x00000e90   Section        0  printf1.o(i._printf_core)
    _printf_core                             0x00000e91   Thumb Code   332  printf1.o(i._printf_core)
    i.dianji                                 0x00000fe0   Section        0  ftm.o(i.dianji)
    i.fputc                                  0x00001020   Section        0  main.o(i.fputc)
    i.main                                   0x00001030   Section        0  main.o(i.main)
    i.motor_strategy                         0x000010f4   Section        0  motor_strategy.o(i.motor_strategy)
    .data                                    0x1ffff000   Section       12  ftm.o(.data)
    .data                                    0x1ffff00c   Section        8  main.o(.data)
    .data                                    0x1ffff014   Section       12  motor_strategy.o(.data)
    .data                                    0x1ffff020   Section        4  uart.o(.data)
    .data                                    0x1ffff024   Section        8  kbi.o(.data)
    .data                                    0x1ffff02c   Section        4  stdout.o(.data)
    STACK                                    0x1ffff030   Section      256  startup_skeaz1284.o(STACK)

    Global Symbols

    Symbol Name                              Value     Ov Type        Size  Object(Section)

    BuildAttributes$$THM_ISAv3M$S$PE$A:L22$X:L11$S22$IEEE1$IW$USESV6$~STKCKD$USESV7$~SHL$OTIME$ROPI$EBA8$MICROLIB$REQ8$PRES8$EABIv2 0x00000000   Number         0  anon$$obj.o ABSOLUTE
    __ARM_use_no_argv                        0x00000000   Number         0  main.o ABSOLUTE
    __Vectors                                0x00000000   Data           4  startup_skeaz1284.o(RESET)
    _printf_a                                0x00000000   Number         0  stubs.o ABSOLUTE
    _printf_c                                0x00000000   Number         0  stubs.o ABSOLUTE
    _printf_charcount                        0x00000000   Number         0  stubs.o ABSOLUTE
    _printf_d                                0x00000000   Number         0  stubs.o ABSOLUTE
    _printf_e                                0x00000000   Number         0  stubs.o ABSOLUTE
    _printf_f                                0x00000000   Number         0  stubs.o ABSOLUTE
    _printf_flags                            0x00000000   Number         0  stubs.o ABSOLUTE
    _printf_fp_dec                           0x00000000   Number         0  stubs.o ABSOLUTE
    _printf_fp_hex                           0x00000000   Number         0  stubs.o ABSOLUTE
    _printf_g                                0x00000000   Number         0  stubs.o ABSOLUTE
    _printf_i                                0x00000000   Number         0  stubs.o ABSOLUTE
    _printf_int_dec                          0x00000000   Number         0  stubs.o ABSOLUTE
    _printf_l                                0x00000000   Number         0  stubs.o ABSOLUTE
    _printf_lc                               0x00000000   Number         0  stubs.o ABSOLUTE
    _printf_ll                               0x00000000   Number         0  stubs.o ABSOLUTE
    _printf_lld                              0x00000000   Number         0  stubs.o ABSOLUTE
    _printf_lli                              0x00000000   Number         0  stubs.o ABSOLUTE
    _printf_llo                              0x00000000   Number         0  stubs.o ABSOLUTE
    _printf_llu                              0x00000000   Number         0  stubs.o ABSOLUTE
    _printf_llx                              0x00000000   Number         0  stubs.o ABSOLUTE
    _printf_longlong_dec                     0x00000000   Number         0  stubs.o ABSOLUTE
    _printf_longlong_hex                     0x00000000   Number         0  stubs.o ABSOLUTE
    _printf_longlong_oct                     0x00000000   Number         0  stubs.o ABSOLUTE
    _printf_ls                               0x00000000   Number         0  stubs.o ABSOLUTE
    _printf_mbtowc                           0x00000000   Number         0  stubs.o ABSOLUTE
    _printf_n                                0x00000000   Number         0  stubs.o ABSOLUTE
    _printf_o                                0x00000000   Number         0  stubs.o ABSOLUTE
    _printf_p                                0x00000000   Number         0  stubs.o ABSOLUTE
    _printf_percent                          0x00000000   Number         0  stubs.o ABSOLUTE
    _printf_pre_padding                      0x00000000   Number         0  stubs.o ABSOLUTE
    _printf_return_value                     0x00000000   Number         0  stubs.o ABSOLUTE
    _printf_s                                0x00000000   Number         0  stubs.o ABSOLUTE
    _printf_sizespec                         0x00000000   Number         0  stubs.o ABSOLUTE
    _printf_str                              0x00000000   Number         0  stubs.o ABSOLUTE
    _printf_truncate_signed                  0x00000000   Number         0  stubs.o ABSOLUTE
    _printf_truncate_unsigned                0x00000000   Number         0  stubs.o ABSOLUTE
    _printf_u                                0x00000000   Number         0  stubs.o ABSOLUTE
    _printf_wc                               0x00000000   Number         0  stubs.o ABSOLUTE
    _printf_wctomb                           0x00000000   Number         0  stubs.o ABSOLUTE
    _printf_widthprec                        0x00000000   Number         0  stubs.o ABSOLUTE
    _printf_x                                0x00000000   Number         0  stubs.o ABSOLUTE
    __cpp_initialize__aeabi_                  - Undefined Weak Reference
    __cxa_finalize                            - Undefined Weak Reference
    __decompress                              - Undefined Weak Reference
    _clock_init                               - Undefined Weak Reference
    _microlib_exit                            - Undefined Weak Reference
    __Vectors_End                            0x000000c0   Data           0  startup_skeaz1284.o(RESET)
    __Vectors_Size                           0x000000c0   Number         0  startup_skeaz1284.o ABSOLUTE
    __main                                   0x000000c1   Thumb Code     0  entry.o(.ARM.Collect$$$$00000000)
    _main_stk                                0x000000c1   Thumb Code     0  entry2.o(.ARM.Collect$$$$00000001)
    _main_scatterload                        0x000000c5   Thumb Code     0  entry5.o(.ARM.Collect$$$$00000004)
    __main_after_scatterload                 0x000000c9   Thumb Code     0  entry5.o(.ARM.Collect$$$$00000004)
    _main_clock                              0x000000c9   Thumb Code     0  entry7b.o(.ARM.Collect$$$$00000008)
    _main_cpp_init                           0x000000c9   Thumb Code     0  entry8b.o(.ARM.Collect$$$$0000000A)
    _main_init                               0x000000c9   Thumb Code     0  entry9a.o(.ARM.Collect$$$$0000000B)
    __rt_final_cpp                           0x000000d1   Thumb Code     0  entry10a.o(.ARM.Collect$$$$0000000D)
    __rt_final_exit                          0x000000d1   Thumb Code     0  entry11a.o(.ARM.Collect$$$$0000000F)
    init_data_bss                            0x000000d5   Thumb Code     2  startup_skeaz1284.o(.text)
    Reset_Handler                            0x000000d7   Thumb Code    12  startup_skeaz1284.o(.text)
    NMI_Handler                              0x000000e3   Thumb Code     2  startup_skeaz1284.o(.text)
    HardFault_Handler                        0x000000e5   Thumb Code     2  startup_skeaz1284.o(.text)
    SVC_Handler                              0x000000e7   Thumb Code     2  startup_skeaz1284.o(.text)
    PendSV_Handler                           0x000000e9   Thumb Code     2  startup_skeaz1284.o(.text)
    SysTick_Handler                          0x000000eb   Thumb Code     2  startup_skeaz1284.o(.text)
    ACMP0_IRQHandler                         0x000000ed   Thumb Code     0  startup_skeaz1284.o(.text)
    ACMP1_IRQHandler                         0x000000ed   Thumb Code     0  startup_skeaz1284.o(.text)
    ADC_IRQHandler                           0x000000ed   Thumb Code     0  startup_skeaz1284.o(.text)
    DefaultISR                               0x000000ed   Thumb Code     0  startup_skeaz1284.o(.text)
    FTM0_IRQHandler                          0x000000ed   Thumb Code     0  startup_skeaz1284.o(.text)
    FTM1_IRQHandler                          0x000000ed   Thumb Code     0  startup_skeaz1284.o(.text)
    FTMRE_IRQHandler                         0x000000ed   Thumb Code     0  startup_skeaz1284.o(.text)
    I2C0_IRQHandler                          0x000000ed   Thumb Code     0  startup_skeaz1284.o(.text)
    I2C1_IRQHandler                          0x000000ed   Thumb Code     0  startup_skeaz1284.o(.text)
    ICS_IRQHandler                           0x000000ed   Thumb Code     0  startup_skeaz1284.o(.text)
    IRQ_IRQHandler                           0x000000ed   Thumb Code     0  startup_skeaz1284.o(.text)
    KBI1_IRQHandler                          0x000000ed   Thumb Code     0  startup_skeaz1284.o(.text)
    MSCAN_RX_IRQHandler                      0x000000ed   Thumb Code     0  startup_skeaz1284.o(.text)
    MSCAN_TX_IRQHandler                      0x000000ed   Thumb Code     0  startup_skeaz1284.o(.text)
    PIT_CH0_IRQHandler                       0x000000ed   Thumb Code     0  startup_skeaz1284.o(.text)
    PIT_CH1_IRQHandler                       0x000000ed   Thumb Code     0  startup_skeaz1284.o(.text)
    PMC_IRQHandler                           0x000000ed   Thumb Code     0  startup_skeaz1284.o(.text)
    PWT_IRQHandler                           0x000000ed   Thumb Code     0  startup_skeaz1284.o(.text)
    RTC_IRQHandler                           0x000000ed   Thumb Code     0  startup_skeaz1284.o(.text)
    Reserved16_IRQHandler                    0x000000ed   Thumb Code     0  startup_skeaz1284.o(.text)
    Reserved17_IRQHandler                    0x000000ed   Thumb Code     0  startup_skeaz1284.o(.text)
    Reserved18_IRQHandler                    0x000000ed   Thumb Code     0  startup_skeaz1284.o(.text)
    Reserved19_IRQHandler                    0x000000ed   Thumb Code     0  startup_skeaz1284.o(.text)
    Reserved20_IRQHandler                    0x000000ed   Thumb Code     0  startup_skeaz1284.o(.text)
    Reserved42_IRQHandler                    0x000000ed   Thumb Code     0  startup_skeaz1284.o(.text)
    SPI0_IRQHandler                          0x000000ed   Thumb Code     0  startup_skeaz1284.o(.text)
    SPI1_IRQHandler                          0x000000ed   Thumb Code     0  startup_skeaz1284.o(.text)
    UART0_IRQHandler                         0x000000ed   Thumb Code     0  startup_skeaz1284.o(.text)
    UART2_IRQHandler                         0x000000ed   Thumb Code     0  startup_skeaz1284.o(.text)
    WDOG_IRQHandler                          0x000000ed   Thumb Code     0  startup_skeaz1284.o(.text)
    __aeabi_uidiv                            0x000000fd   Thumb Code     0  uidiv.o(.text)
    __aeabi_uidivmod                         0x000000fd   Thumb Code    44  uidiv.o(.text)
    __aeabi_fadd                             0x00000129   Thumb Code   162  fadd.o(.text)
    __aeabi_fsub                             0x000001cb   Thumb Code     8  fadd.o(.text)
    __aeabi_frsub                            0x000001d3   Thumb Code     8  fadd.o(.text)
    __aeabi_fmul                             0x000001db   Thumb Code   122  fmul.o(.text)
    __aeabi_fdiv                             0x00000255   Thumb Code   124  fdiv.o(.text)
    __aeabi_dmul                             0x000002d1   Thumb Code   202  dmul.o(.text)
    __aeabi_i2f                              0x000003a1   Thumb Code    22  fflti.o(.text)
    __aeabi_ui2d                             0x000003b9   Thumb Code    24  dfltui.o(.text)
    __aeabi_llsl                             0x000003d5   Thumb Code    32  llshl.o(.text)
    _ll_shift_l                              0x000003d5   Thumb Code     0  llshl.o(.text)
    KBI_SetCallback                          0x000003f5   Thumb Code     6  kbi.o(i.KBI_SetCallback)
    __I$use$fp                               0x000003f5   Thumb Code     0  iusefp.o(.text)
    __aeabi_dadd                             0x00000411   Thumb Code   328  dadd.o(.text)
    __aeabi_dsub                             0x00000559   Thumb Code    12  dadd.o(.text)
    __aeabi_drsub                            0x00000565   Thumb Code    12  dadd.o(.text)
    __aeabi_f2iz                             0x00000575   Thumb Code    50  ffixi.o(.text)
    __aeabi_d2iz                             0x000005a9   Thumb Code    62  dfixi.o(.text)
    __aeabi_llsr                             0x000005f1   Thumb Code    34  llushr.o(.text)
    _ll_ushift_r                             0x000005f1   Thumb Code     0  llushr.o(.text)
    __aeabi_lasr                             0x00000613   Thumb Code    38  llsshr.o(.text)
    _ll_sshift_r                             0x00000613   Thumb Code     0  llsshr.o(.text)
    _float_round                             0x00000639   Thumb Code    16  fepilogue.o(.text)
    _float_epilogue                          0x00000649   Thumb Code   114  fepilogue.o(.text)
    _double_round                            0x000006bb   Thumb Code    26  depilogue.o(.text)
    _double_epilogue                         0x000006d5   Thumb Code   164  depilogue.o(.text)
    __scatterload                            0x00000779   Thumb Code    28  init.o(.text)
    __scatterload_rt2                        0x00000779   Thumb Code     0  init.o(.text)
    ADC_Get_diff_pos                         0x0000079d   Thumb Code   104  adc.o(i.ADC_Get_diff_pos)
    ADC_Init                                 0x0000081d   Thumb Code    80  adc.o(i.ADC_Init)
    ADC_Read                                 0x00000875   Thumb Code    32  adc.o(i.ADC_Read)
    Clk_Init                                 0x00000899   Thumb Code    56  clk.o(i.Clk_Init)
    FTM2_IRQHandler                          0x000008d5   Thumb Code   204  ftm.o(i.FTM2_IRQHandler)
    GPIO_Init                                0x000009ad   Thumb Code   254  gpio.o(i.GPIO_Init)
    KBI0_IRQHandler                          0x00000ab1   Thumb Code    60  kbi.o(i.KBI0_IRQHandler)
    KBI_Init                                 0x00000af5   Thumb Code    78  kbi.o(i.KBI_Init)
    KBI_Interrupt                            0x00000b4d   Thumb Code    82  kbi.o(i.KBI_Interrupt)
    PWM8khz_Init                             0x00000bc1   Thumb Code   138  ftm.o(i.PWM8khz_Init)
    PWM8khz_Init_2                           0x00000c59   Thumb Code   152  ftm.o(i.PWM8khz_Init_2)
    SystemInit                               0x00000cfd   Thumb Code    90  system_skeaz1284.o(i.SystemInit)
    UART1_IRQHandler                         0x00000d6d   Thumb Code    20  uart.o(i.UART1_IRQHandler)
    UART_Init                                0x00000d89   Thumb Code    42  uart.o(i.UART_Init)
    Uart_GetChar                             0x00000dbd   Thumb Code    24  uart.o(i.Uart_GetChar)
    Uart_Interrupt                           0x00000dd9   Thumb Code    12  main.o(i.Uart_Interrupt)
    Uart_PutString                           0x00000de5   Thumb Code    22  uart.o(i.Uart_PutString)
    Uart_SendChar                            0x00000dfd   Thumb Code    24  uart.o(i.Uart_SendChar)
    Uart_SetCallback                         0x00000e19   Thumb Code     6  uart.o(i.Uart_SetCallback)
    __0printf$1                              0x00000e25   Thumb Code    24  printf1.o(i.__0printf$1)
    __1printf$1                              0x00000e25   Thumb Code     0  printf1.o(i.__0printf$1)
    __2printf                                0x00000e25   Thumb Code     0  printf1.o(i.__0printf$1)
    __ARM_clz                                0x00000e45   Thumb Code    46  depilogue.o(i.__ARM_clz)
    __scatterload_copy                       0x00000e73   Thumb Code    14  handlers.o(i.__scatterload_copy)
    __scatterload_null                       0x00000e81   Thumb Code     2  handlers.o(i.__scatterload_null)
    __scatterload_zeroinit                   0x00000e83   Thumb Code    14  handlers.o(i.__scatterload_zeroinit)
    dianji                                   0x00000fe1   Thumb Code    50  ftm.o(i.dianji)
    fputc                                    0x00001021   Thumb Code    16  main.o(i.fputc)
    main                                     0x00001031   Thumb Code   136  main.o(i.main)
    motor_strategy                           0x000010f5   Thumb Code   128  motor_strategy.o(i.motor_strategy)
    Region$$Table$$Base                      0x0000118c   Number         0  anon$$obj.o(Region$$Table)
    Region$$Table$$Limit                     0x000011ac   Number         0  anon$$obj.o(Region$$Table)
    period                                   0x1ffff000   Data           8  ftm.o(.data)
    FTM_Callback                             0x1ffff008   Data           4  ftm.o(.data)
    position_now                             0x1ffff00c   Data           4  main.o(.data)
    position_old                             0x1ffff010   Data           4  main.o(.data)
    diff_speed                               0x1ffff014   Data           4  motor_strategy.o(.data)
    s_l                                      0x1ffff018   Data           4  motor_strategy.o(.data)
    s_r                                      0x1ffff01c   Data           4  motor_strategy.o(.data)
    Uart_Callback                            0x1ffff020   Data           4  uart.o(.data)
    KBI_Callback                             0x1ffff024   Data           4  kbi.o(.data)
    MODE                                     0x1ffff028   Data           4  kbi.o(.data)
    __stdout                                 0x1ffff02c   Data           4  stdout.o(.data)
    __initial_sp                             0x1ffff130   Data           0  startup_skeaz1284.o(STACK)



==============================================================================

Memory Map of the image

  Image Entry point : 0x000000c1

  Load Region LR_IROM1 (Base: 0x00000000, Size: 0x000011dc, Max: 0x00020000, ABSOLUTE)

    Execution Region ER_IROM1 (Base: 0x00000000, Size: 0x000011ac, Max: 0x00020000, ABSOLUTE)

    Base Addr    Size         Type   Attr      Idx    E Section Name        Object

    0x00000000   0x000000c0   Data   RO          359    RESET               startup_skeaz1284.o
    0x000000c0   0x00000000   Code   RO          399  * .ARM.Collect$$$$00000000  mc_p.l(entry.o)
    0x000000c0   0x00000004   Code   RO          683    .ARM.Collect$$$$00000001  mc_p.l(entry2.o)
    0x000000c4   0x00000004   Code   RO          686    .ARM.Collect$$$$00000004  mc_p.l(entry5.o)
    0x000000c8   0x00000000   Code   RO          688    .ARM.Collect$$$$00000008  mc_p.l(entry7b.o)
    0x000000c8   0x00000000   Code   RO          690    .ARM.Collect$$$$0000000A  mc_p.l(entry8b.o)
    0x000000c8   0x00000008   Code   RO          691    .ARM.Collect$$$$0000000B  mc_p.l(entry9a.o)
    0x000000d0   0x00000000   Code   RO          693    .ARM.Collect$$$$0000000D  mc_p.l(entry10a.o)
    0x000000d0   0x00000000   Code   RO          695    .ARM.Collect$$$$0000000F  mc_p.l(entry11a.o)
    0x000000d0   0x00000004   Code   RO          684    .ARM.Collect$$$$00002712  mc_p.l(entry2.o)
    0x000000d4   0x00000028   Code   RO          361    .text               startup_skeaz1284.o
    0x000000fc   0x0000002c   Code   RO          402    .text               mc_p.l(uidiv.o)
    0x00000128   0x000000b2   Code   RO          665    .text               mf_p.l(fadd.o)
    0x000001da   0x0000007a   Code   RO          667    .text               mf_p.l(fmul.o)
    0x00000254   0x0000007c   Code   RO          669    .text               mf_p.l(fdiv.o)
    0x000002d0   0x000000d0   Code   RO          673    .text               mf_p.l(dmul.o)
    0x000003a0   0x00000016   Code   RO          675    .text               mf_p.l(fflti.o)
    0x000003b6   0x00000002   PAD
    0x000003b8   0x0000001c   Code   RO          677    .text               mf_p.l(dfltui.o)
    0x000003d4   0x00000020   Code   RO          700    .text               mc_p.l(llshl.o)
    0x000003f4   0x00000000   Code   RO          706    .text               mc_p.l(iusefp.o)
    0x000003f4   0x0000000c   Code   RO          321    i.KBI_SetCallback   kbi.o
    0x00000400   0x00000010   Code   RO          360    .ARM.__at_0x400     startup_skeaz1284.o
    0x00000410   0x00000164   Code   RO          671    .text               mf_p.l(dadd.o)
    0x00000574   0x00000032   Code   RO          679    .text               mf_p.l(ffixi.o)
    0x000005a6   0x00000002   PAD
    0x000005a8   0x00000048   Code   RO          681    .text               mf_p.l(dfixi.o)
    0x000005f0   0x00000022   Code   RO          702    .text               mc_p.l(llushr.o)
    0x00000612   0x00000026   Code   RO          704    .text               mc_p.l(llsshr.o)
    0x00000638   0x00000082   Code   RO          707    .text               mf_p.l(fepilogue.o)
    0x000006ba   0x000000be   Code   RO          709    .text               mf_p.l(depilogue.o)
    0x00000778   0x00000024   Code   RO          719    .text               mc_p.l(init.o)
    0x0000079c   0x00000080   Code   RO            3    i.ADC_Get_diff_pos  adc.o
    0x0000081c   0x00000058   Code   RO            4    i.ADC_Init          adc.o
    0x00000874   0x00000024   Code   RO            5    i.ADC_Read          adc.o
    0x00000898   0x0000003c   Code   RO           66    i.Clk_Init          clk.o
    0x000008d4   0x000000d8   Code   RO           89    i.FTM2_IRQHandler   ftm.o
    0x000009ac   0x00000104   Code   RO          157    i.GPIO_Init         gpio.o
    0x00000ab0   0x00000044   Code   RO          318    i.KBI0_IRQHandler   kbi.o
    0x00000af4   0x00000058   Code   RO          319    i.KBI_Init          kbi.o
    0x00000b4c   0x0000005c   Code   RO          320    i.KBI_Interrupt     kbi.o
    0x00000ba8   0x00000018   Code   RO          180    i.NVIC_EnableIRQ    main.o
    0x00000bc0   0x00000098   Code   RO           94    i.PWM8khz_Init      ftm.o
    0x00000c58   0x000000a4   Code   RO           95    i.PWM8khz_Init_2    ftm.o
    0x00000cfc   0x00000070   Code   RO          370    i.SystemInit        system_skeaz1284.o
    0x00000d6c   0x0000001c   Code   RO          265    i.UART1_IRQHandler  uart.o
    0x00000d88   0x00000034   Code   RO          266    i.UART_Init         uart.o
    0x00000dbc   0x0000001c   Code   RO          267    i.Uart_GetChar      uart.o
    0x00000dd8   0x0000000c   Code   RO          181    i.Uart_Interrupt    main.o
    0x00000de4   0x00000016   Code   RO          268    i.Uart_PutString    uart.o
    0x00000dfa   0x00000002   PAD
    0x00000dfc   0x0000001c   Code   RO          269    i.Uart_SendChar     uart.o
    0x00000e18   0x0000000c   Code   RO          270    i.Uart_SetCallback  uart.o
    0x00000e24   0x00000020   Code   RO          449    i.__0printf$1       mc_p.l(printf1.o)
    0x00000e44   0x0000002e   Code   RO          711    i.__ARM_clz         mf_p.l(depilogue.o)
    0x00000e72   0x0000000e   Code   RO          723    i.__scatterload_copy  mc_p.l(handlers.o)
    0x00000e80   0x00000002   Code   RO          724    i.__scatterload_null  mc_p.l(handlers.o)
    0x00000e82   0x0000000e   Code   RO          725    i.__scatterload_zeroinit  mc_p.l(handlers.o)
    0x00000e90   0x00000150   Code   RO          456    i._printf_core      mc_p.l(printf1.o)
    0x00000fe0   0x00000040   Code   RO           96    i.dianji            ftm.o
    0x00001020   0x00000010   Code   RO          182    i.fputc             main.o
    0x00001030   0x000000c4   Code   RO          183    i.main              main.o
    0x000010f4   0x00000098   Code   RO          239    i.motor_strategy    motor_strategy.o
    0x0000118c   0x00000020   Data   RO          721    Region$$Table       anon$$obj.o


    Execution Region RW_IRAM1 (Base: 0x1ffff000, Size: 0x00000130, Max: 0x00004000, ABSOLUTE)

    Base Addr    Size         Type   Attr      Idx    E Section Name        Object

    0x1ffff000   0x0000000c   Data   RW           97    .data               ftm.o
    0x1ffff00c   0x00000008   Data   RW          184    .data               main.o
    0x1ffff014   0x0000000c   Data   RW          240    .data               motor_strategy.o
    0x1ffff020   0x00000004   Data   RW          271    .data               uart.o
    0x1ffff024   0x00000008   Data   RW          322    .data               kbi.o
    0x1ffff02c   0x00000004   Data   RW          697    .data               mc_p.l(stdout.o)
    0x1ffff030   0x00000100   Zero   RW          357    STACK               startup_skeaz1284.o


==============================================================================

Image component sizes


      Code (inc. data)   RO Data    RW Data    ZI Data      Debug   Object Name

       252         36          0          0          0     109629   adc.o
        60          4          0          0          0        371   clk.o
       596         52          0         12          0       2501   ftm.o
       260          6          0          0          0        432   gpio.o
       260         34          0          8          0       1839   kbi.o
       248         66          0          8          0      10012   main.o
       152         24          0         12          0        758   motor_strategy.o
        56         30        192          0        256        848   startup_skeaz1284.o
       112         22          0          0          0        465   system_skeaz1284.o
       170         32          0          4          0       2650   uart.o

    ----------------------------------------------------------------------
      2168        306        224         44        256     129505   Object Totals
         0          0         32          0          0          0   (incl. Generated)
         2          0          0          0          0          0   (incl. Padding)

    ----------------------------------------------------------------------

      Code (inc. data)   RO Data    RW Data    ZI Data      Debug   Library Member Name

         0          0          0          0          0          0   entry.o
         0          0          0          0          0          0   entry10a.o
         0          0          0          0          0          0   entry11a.o
         8          4          0          0          0          0   entry2.o
         4          0          0          0          0          0   entry5.o
         0          0          0          0          0          0   entry7b.o
         0          0          0          0          0          0   entry8b.o
         8          4          0          0          0          0   entry9a.o
        30          0          0          0          0          0   handlers.o
        36          8          0          0          0         68   init.o
         0          0          0          0          0          0   iusefp.o
        32          0          0          0          0         68   llshl.o
        38          0          0          0          0         68   llsshr.o
        34          0          0          0          0         68   llushr.o
       368         12          0          0          0        168   printf1.o
         0          0          0          4          0          0   stdout.o
        44          0          0          0          0         72   uidiv.o
       356          4          0          0          0        140   dadd.o
       236          0          0          0          0        216   depilogue.o
        72         10          0          0          0         72   dfixi.o
        28          4          0          0          0         68   dfltui.o
       208          6          0          0          0         88   dmul.o
       178          0          0          0          0        108   fadd.o
       124          0          0          0          0         72   fdiv.o
       130          0          0          0          0        144   fepilogue.o
        50          0          0          0          0         60   ffixi.o
        22          0          0          0          0         68   fflti.o
       122          0          0          0          0         72   fmul.o

    ----------------------------------------------------------------------
      2132         52          0          4          0       1620   Library Totals
         4          0          0          0          0          0   (incl. Padding)

    ----------------------------------------------------------------------

      Code (inc. data)   RO Data    RW Data    ZI Data      Debug   Library Name

       602         28          0          4          0        512   mc_p.l
      1526         24          0          0          0       1108   mf_p.l

    ----------------------------------------------------------------------
      2132         52          0          4          0       1620   Library Totals

    ----------------------------------------------------------------------

==============================================================================


      Code (inc. data)   RO Data    RW Data    ZI Data      Debug   

      4300        358        224         48        256     129517   Grand Totals
      4300        358        224         48        256     129517   ELF Image Totals
      4300        358        224         48          0          0   ROM Totals

==============================================================================

    Total RO  Size (Code + RO Data)                 4524 (   4.42kB)
    Total RW  Size (RW Data + ZI Data)               304 (   0.30kB)
    Total ROM Size (Code + RO Data + RW Data)       4572 (   4.46kB)

==============================================================================

